<!doctype html public "-//w3c//dtd html 4.0 transitional//en">
<html><head>
<title>Static Call Graph - [.\Objects\cpme.axf]</title></head>
<body><HR>
<H1>Static Call Graph for image .\Objects\cpme.axf</H1><HR>
<BR><P>#&#060CALLGRAPH&#062# ARM Linker, 6190004: Last Updated: Mon Dec 18 21:19:51 2023
<BR><P>
<H3>Maximum Stack Usage =        392 bytes + Unknown(Cycles, Untraceable Function Pointers)</H3><H3>
Call chain for Maximum Stack Depth:</H3>
__rt_entry_main &rArr; main &rArr; plant &rArr; __hardfp_sin &rArr; __ieee754_rem_pio2 &rArr; __aeabi_dmul
<P>
<H3>
Mutually Recursive functions
</H3> <LI><a href="#[1]">NMI_Handler</a>&nbsp;&nbsp;&nbsp;&rArr;&nbsp;&nbsp;&nbsp;<a href="#[1]">NMI_Handler</a><BR>
 <LI><a href="#[2]">HardFault_Handler</a>&nbsp;&nbsp;&nbsp;&rArr;&nbsp;&nbsp;&nbsp;<a href="#[2]">HardFault_Handler</a><BR>
 <LI><a href="#[3]">MemManage_Handler</a>&nbsp;&nbsp;&nbsp;&rArr;&nbsp;&nbsp;&nbsp;<a href="#[3]">MemManage_Handler</a><BR>
 <LI><a href="#[4]">BusFault_Handler</a>&nbsp;&nbsp;&nbsp;&rArr;&nbsp;&nbsp;&nbsp;<a href="#[4]">BusFault_Handler</a><BR>
 <LI><a href="#[5]">UsageFault_Handler</a>&nbsp;&nbsp;&nbsp;&rArr;&nbsp;&nbsp;&nbsp;<a href="#[5]">UsageFault_Handler</a><BR>
 <LI><a href="#[6]">SVC_Handler</a>&nbsp;&nbsp;&nbsp;&rArr;&nbsp;&nbsp;&nbsp;<a href="#[6]">SVC_Handler</a><BR>
 <LI><a href="#[7]">DebugMon_Handler</a>&nbsp;&nbsp;&nbsp;&rArr;&nbsp;&nbsp;&nbsp;<a href="#[7]">DebugMon_Handler</a><BR>
 <LI><a href="#[8]">PendSV_Handler</a>&nbsp;&nbsp;&nbsp;&rArr;&nbsp;&nbsp;&nbsp;<a href="#[8]">PendSV_Handler</a><BR>
 <LI><a href="#[9]">SysTick_Handler</a>&nbsp;&nbsp;&nbsp;&rArr;&nbsp;&nbsp;&nbsp;<a href="#[9]">SysTick_Handler</a><BR>
 <LI><a href="#[85]">DefaultISR</a>&nbsp;&nbsp;&nbsp;&rArr;&nbsp;&nbsp;&nbsp;<a href="#[85]">DefaultISR</a><BR>
 <LI><a href="#[31]">ADC0_IRQHandler</a>&nbsp;&nbsp;&nbsp;&rArr;&nbsp;&nbsp;&nbsp;<a href="#[31]">ADC0_IRQHandler</a><BR>
</UL>
<P>
<H3>
Function Pointers
</H3><UL>
 <LI><a href="#[31]">ADC0_IRQHandler</a> from startup_s32k144.o(.text) referenced from startup_s32k144.o(RESET)
 <LI><a href="#[32]">ADC1_IRQHandler</a> from startup_s32k144.o(.text) referenced from startup_s32k144.o(RESET)
 <LI><a href="#[4]">BusFault_Handler</a> from startup_s32k144.o(.text) referenced from startup_s32k144.o(RESET)
 <LI><a href="#[59]">CAN0_Error_IRQHandler</a> from startup_s32k144.o(.text) referenced from startup_s32k144.o(RESET)
 <LI><a href="#[5b]">CAN0_ORed_0_15_MB_IRQHandler</a> from startup_s32k144.o(.text) referenced from startup_s32k144.o(RESET)
 <LI><a href="#[5c]">CAN0_ORed_16_31_MB_IRQHandler</a> from startup_s32k144.o(.text) referenced from startup_s32k144.o(RESET)
 <LI><a href="#[58]">CAN0_ORed_IRQHandler</a> from startup_s32k144.o(.text) referenced from startup_s32k144.o(RESET)
 <LI><a href="#[5a]">CAN0_Wake_Up_IRQHandler</a> from startup_s32k144.o(.text) referenced from startup_s32k144.o(RESET)
 <LI><a href="#[60]">CAN1_Error_IRQHandler</a> from startup_s32k144.o(.text) referenced from startup_s32k144.o(RESET)
 <LI><a href="#[62]">CAN1_ORed_0_15_MB_IRQHandler</a> from startup_s32k144.o(.text) referenced from startup_s32k144.o(RESET)
 <LI><a href="#[5f]">CAN1_ORed_IRQHandler</a> from startup_s32k144.o(.text) referenced from startup_s32k144.o(RESET)
 <LI><a href="#[67]">CAN2_Error_IRQHandler</a> from startup_s32k144.o(.text) referenced from startup_s32k144.o(RESET)
 <LI><a href="#[69]">CAN2_ORed_0_15_MB_IRQHandler</a> from startup_s32k144.o(.text) referenced from startup_s32k144.o(RESET)
 <LI><a href="#[66]">CAN2_ORed_IRQHandler</a> from startup_s32k144.o(.text) referenced from startup_s32k144.o(RESET)
 <LI><a href="#[33]">CMP0_IRQHandler</a> from startup_s32k144.o(.text) referenced from startup_s32k144.o(RESET)
 <LI><a href="#[a]">DMA0_IRQHandler</a> from startup_s32k144.o(.text) referenced from startup_s32k144.o(RESET)
 <LI><a href="#[14]">DMA10_IRQHandler</a> from startup_s32k144.o(.text) referenced from startup_s32k144.o(RESET)
 <LI><a href="#[15]">DMA11_IRQHandler</a> from startup_s32k144.o(.text) referenced from startup_s32k144.o(RESET)
 <LI><a href="#[16]">DMA12_IRQHandler</a> from startup_s32k144.o(.text) referenced from startup_s32k144.o(RESET)
 <LI><a href="#[17]">DMA13_IRQHandler</a> from startup_s32k144.o(.text) referenced from startup_s32k144.o(RESET)
 <LI><a href="#[18]">DMA14_IRQHandler</a> from startup_s32k144.o(.text) referenced from startup_s32k144.o(RESET)
 <LI><a href="#[19]">DMA15_IRQHandler</a> from startup_s32k144.o(.text) referenced from startup_s32k144.o(RESET)
 <LI><a href="#[b]">DMA1_IRQHandler</a> from startup_s32k144.o(.text) referenced from startup_s32k144.o(RESET)
 <LI><a href="#[c]">DMA2_IRQHandler</a> from startup_s32k144.o(.text) referenced from startup_s32k144.o(RESET)
 <LI><a href="#[d]">DMA3_IRQHandler</a> from startup_s32k144.o(.text) referenced from startup_s32k144.o(RESET)
 <LI><a href="#[e]">DMA4_IRQHandler</a> from startup_s32k144.o(.text) referenced from startup_s32k144.o(RESET)
 <LI><a href="#[f]">DMA5_IRQHandler</a> from startup_s32k144.o(.text) referenced from startup_s32k144.o(RESET)
 <LI><a href="#[10]">DMA6_IRQHandler</a> from startup_s32k144.o(.text) referenced from startup_s32k144.o(RESET)
 <LI><a href="#[11]">DMA7_IRQHandler</a> from startup_s32k144.o(.text) referenced from startup_s32k144.o(RESET)
 <LI><a href="#[12]">DMA8_IRQHandler</a> from startup_s32k144.o(.text) referenced from startup_s32k144.o(RESET)
 <LI><a href="#[13]">DMA9_IRQHandler</a> from startup_s32k144.o(.text) referenced from startup_s32k144.o(RESET)
 <LI><a href="#[1a]">DMA_Error_IRQHandler</a> from startup_s32k144.o(.text) referenced from startup_s32k144.o(RESET)
 <LI><a href="#[7]">DebugMon_Handler</a> from startup_s32k144.o(.text) referenced from startup_s32k144.o(RESET)
 <LI><a href="#[85]">DefaultISR</a> from startup_s32k144.o(.text) referenced from startup_s32k144.o(RESET)
 <LI><a href="#[37]">ERM_double_fault_IRQHandler</a> from startup_s32k144.o(.text) referenced from startup_s32k144.o(RESET)
 <LI><a href="#[36]">ERM_single_fault_IRQHandler</a> from startup_s32k144.o(.text) referenced from startup_s32k144.o(RESET)
 <LI><a href="#[4f]">FLEXIO_IRQHandler</a> from startup_s32k144.o(.text) referenced from startup_s32k144.o(RESET)
 <LI><a href="#[1f]">FTFC_Fault_IRQHandler</a> from startup_s32k144.o(.text) referenced from startup_s32k144.o(RESET)
 <LI><a href="#[1c]">FTFC_IRQHandler</a> from startup_s32k144.o(.text) referenced from startup_s32k144.o(RESET)
 <LI><a href="#[6d]">FTM0_Ch0_Ch1_IRQHandler</a> from startup_s32k144.o(.text) referenced from startup_s32k144.o(RESET)
 <LI><a href="#[6e]">FTM0_Ch2_Ch3_IRQHandler</a> from startup_s32k144.o(.text) referenced from startup_s32k144.o(RESET)
 <LI><a href="#[6f]">FTM0_Ch4_Ch5_IRQHandler</a> from startup_s32k144.o(.text) referenced from startup_s32k144.o(RESET)
 <LI><a href="#[70]">FTM0_Ch6_Ch7_IRQHandler</a> from startup_s32k144.o(.text) referenced from startup_s32k144.o(RESET)
 <LI><a href="#[71]">FTM0_Fault_IRQHandler</a> from startup_s32k144.o(.text) referenced from startup_s32k144.o(RESET)
 <LI><a href="#[72]">FTM0_Ovf_Reload_IRQHandler</a> from startup_s32k144.o(.text) referenced from startup_s32k144.o(RESET)
 <LI><a href="#[73]">FTM1_Ch0_Ch1_IRQHandler</a> from startup_s32k144.o(.text) referenced from startup_s32k144.o(RESET)
 <LI><a href="#[74]">FTM1_Ch2_Ch3_IRQHandler</a> from startup_s32k144.o(.text) referenced from startup_s32k144.o(RESET)
 <LI><a href="#[75]">FTM1_Ch4_Ch5_IRQHandler</a> from startup_s32k144.o(.text) referenced from startup_s32k144.o(RESET)
 <LI><a href="#[76]">FTM1_Ch6_Ch7_IRQHandler</a> from startup_s32k144.o(.text) referenced from startup_s32k144.o(RESET)
 <LI><a href="#[77]">FTM1_Fault_IRQHandler</a> from startup_s32k144.o(.text) referenced from startup_s32k144.o(RESET)
 <LI><a href="#[78]">FTM1_Ovf_Reload_IRQHandler</a> from startup_s32k144.o(.text) referenced from startup_s32k144.o(RESET)
 <LI><a href="#[79]">FTM2_Ch0_Ch1_IRQHandler</a> from startup_s32k144.o(.text) referenced from startup_s32k144.o(RESET)
 <LI><a href="#[7a]">FTM2_Ch2_Ch3_IRQHandler</a> from startup_s32k144.o(.text) referenced from startup_s32k144.o(RESET)
 <LI><a href="#[7b]">FTM2_Ch4_Ch5_IRQHandler</a> from startup_s32k144.o(.text) referenced from startup_s32k144.o(RESET)
 <LI><a href="#[7c]">FTM2_Ch6_Ch7_IRQHandler</a> from startup_s32k144.o(.text) referenced from startup_s32k144.o(RESET)
 <LI><a href="#[7d]">FTM2_Fault_IRQHandler</a> from startup_s32k144.o(.text) referenced from startup_s32k144.o(RESET)
 <LI><a href="#[7e]">FTM2_Ovf_Reload_IRQHandler</a> from startup_s32k144.o(.text) referenced from startup_s32k144.o(RESET)
 <LI><a href="#[7f]">FTM3_Ch0_Ch1_IRQHandler</a> from startup_s32k144.o(.text) referenced from startup_s32k144.o(RESET)
 <LI><a href="#[80]">FTM3_Ch2_Ch3_IRQHandler</a> from startup_s32k144.o(.text) referenced from startup_s32k144.o(RESET)
 <LI><a href="#[81]">FTM3_Ch4_Ch5_IRQHandler</a> from startup_s32k144.o(.text) referenced from startup_s32k144.o(RESET)
 <LI><a href="#[82]">FTM3_Ch6_Ch7_IRQHandler</a> from startup_s32k144.o(.text) referenced from startup_s32k144.o(RESET)
 <LI><a href="#[83]">FTM3_Fault_IRQHandler</a> from startup_s32k144.o(.text) referenced from startup_s32k144.o(RESET)
 <LI><a href="#[84]">FTM3_Ovf_Reload_IRQHandler</a> from startup_s32k144.o(.text) referenced from startup_s32k144.o(RESET)
 <LI><a href="#[2]">HardFault_Handler</a> from startup_s32k144.o(.text) referenced from startup_s32k144.o(RESET)
 <LI><a href="#[22]">LPI2C0_Master_IRQHandler</a> from startup_s32k144.o(.text) referenced from startup_s32k144.o(RESET)
 <LI><a href="#[23]">LPI2C0_Slave_IRQHandler</a> from startup_s32k144.o(.text) referenced from startup_s32k144.o(RESET)
 <LI><a href="#[3a]">LPIT0_Ch0_IRQHandler</a> from main.o(.text.LPIT0_Ch0_IRQHandler) referenced from startup_s32k144.o(RESET)
 <LI><a href="#[3b]">LPIT0_Ch1_IRQHandler</a> from main.o(.text.LPIT0_Ch1_IRQHandler) referenced from startup_s32k144.o(RESET)
 <LI><a href="#[3c]">LPIT0_Ch2_IRQHandler</a> from main.o(.text.LPIT0_Ch2_IRQHandler) referenced from startup_s32k144.o(RESET)
 <LI><a href="#[3d]">LPIT0_Ch3_IRQHandler</a> from main.o(.text.LPIT0_Ch3_IRQHandler) referenced from startup_s32k144.o(RESET)
 <LI><a href="#[24]">LPSPI0_IRQHandler</a> from startup_s32k144.o(.text) referenced from startup_s32k144.o(RESET)
 <LI><a href="#[25]">LPSPI1_IRQHandler</a> from startup_s32k144.o(.text) referenced from startup_s32k144.o(RESET)
 <LI><a href="#[26]">LPSPI2_IRQHandler</a> from startup_s32k144.o(.text) referenced from startup_s32k144.o(RESET)
 <LI><a href="#[44]">LPTMR0_IRQHandler</a> from startup_s32k144.o(.text) referenced from startup_s32k144.o(RESET)
 <LI><a href="#[29]">LPUART0_RxTx_IRQHandler</a> from startup_s32k144.o(.text) referenced from startup_s32k144.o(RESET)
 <LI><a href="#[2b]">LPUART1_RxTx_IRQHandler</a> from startup_s32k144.o(.text) referenced from startup_s32k144.o(RESET)
 <LI><a href="#[2d]">LPUART2_RxTx_IRQHandler</a> from startup_s32k144.o(.text) referenced from startup_s32k144.o(RESET)
 <LI><a href="#[1e]">LVD_LVW_IRQHandler</a> from startup_s32k144.o(.text) referenced from startup_s32k144.o(RESET)
 <LI><a href="#[1b]">MCM_IRQHandler</a> from startup_s32k144.o(.text) referenced from startup_s32k144.o(RESET)
 <LI><a href="#[3]">MemManage_Handler</a> from startup_s32k144.o(.text) referenced from startup_s32k144.o(RESET)
 <LI><a href="#[1]">NMI_Handler</a> from startup_s32k144.o(.text) referenced from startup_s32k144.o(RESET)
 <LI><a href="#[3e]">PDB0_IRQHandler</a> from startup_s32k144.o(.text) referenced from startup_s32k144.o(RESET)
 <LI><a href="#[4e]">PDB1_IRQHandler</a> from startup_s32k144.o(.text) referenced from startup_s32k144.o(RESET)
 <LI><a href="#[45]">PORTA_IRQHandler</a> from startup_s32k144.o(.text) referenced from startup_s32k144.o(RESET)
 <LI><a href="#[46]">PORTB_IRQHandler</a> from startup_s32k144.o(.text) referenced from startup_s32k144.o(RESET)
 <LI><a href="#[47]">PORTC_IRQHandler</a> from main.o(.text.PORTC_IRQHandler) referenced from startup_s32k144.o(RESET)
 <LI><a href="#[48]">PORTD_IRQHandler</a> from startup_s32k144.o(.text) referenced from startup_s32k144.o(RESET)
 <LI><a href="#[49]">PORTE_IRQHandler</a> from startup_s32k144.o(.text) referenced from startup_s32k144.o(RESET)
 <LI><a href="#[8]">PendSV_Handler</a> from startup_s32k144.o(.text) referenced from startup_s32k144.o(RESET)
 <LI><a href="#[21]">RCM_IRQHandler</a> from startup_s32k144.o(.text) referenced from startup_s32k144.o(RESET)
 <LI><a href="#[38]">RTC_IRQHandler</a> from startup_s32k144.o(.text) referenced from startup_s32k144.o(RESET)
 <LI><a href="#[39]">RTC_Seconds_IRQHandler</a> from startup_s32k144.o(.text) referenced from startup_s32k144.o(RESET)
 <LI><a href="#[1d]">Read_Collision_IRQHandler</a> from startup_s32k144.o(.text) referenced from startup_s32k144.o(RESET)
 <LI><a href="#[5e]">Reserved100_IRQHandler</a> from startup_s32k144.o(.text) referenced from startup_s32k144.o(RESET)
 <LI><a href="#[61]">Reserved103_IRQHandler</a> from startup_s32k144.o(.text) referenced from startup_s32k144.o(RESET)
 <LI><a href="#[63]">Reserved105_IRQHandler</a> from startup_s32k144.o(.text) referenced from startup_s32k144.o(RESET)
 <LI><a href="#[64]">Reserved106_IRQHandler</a> from startup_s32k144.o(.text) referenced from startup_s32k144.o(RESET)
 <LI><a href="#[65]">Reserved107_IRQHandler</a> from startup_s32k144.o(.text) referenced from startup_s32k144.o(RESET)
 <LI><a href="#[68]">Reserved110_IRQHandler</a> from startup_s32k144.o(.text) referenced from startup_s32k144.o(RESET)
 <LI><a href="#[6a]">Reserved112_IRQHandler</a> from startup_s32k144.o(.text) referenced from startup_s32k144.o(RESET)
 <LI><a href="#[6b]">Reserved113_IRQHandler</a> from startup_s32k144.o(.text) referenced from startup_s32k144.o(RESET)
 <LI><a href="#[6c]">Reserved114_IRQHandler</a> from startup_s32k144.o(.text) referenced from startup_s32k144.o(RESET)
 <LI><a href="#[27]">Reserved45_IRQHandler</a> from startup_s32k144.o(.text) referenced from startup_s32k144.o(RESET)
 <LI><a href="#[28]">Reserved46_IRQHandler</a> from startup_s32k144.o(.text) referenced from startup_s32k144.o(RESET)
 <LI><a href="#[2a]">Reserved48_IRQHandler</a> from startup_s32k144.o(.text) referenced from startup_s32k144.o(RESET)
 <LI><a href="#[2c]">Reserved50_IRQHandler</a> from startup_s32k144.o(.text) referenced from startup_s32k144.o(RESET)
 <LI><a href="#[2e]">Reserved52_IRQHandler</a> from startup_s32k144.o(.text) referenced from startup_s32k144.o(RESET)
 <LI><a href="#[2f]">Reserved53_IRQHandler</a> from startup_s32k144.o(.text) referenced from startup_s32k144.o(RESET)
 <LI><a href="#[30]">Reserved54_IRQHandler</a> from startup_s32k144.o(.text) referenced from startup_s32k144.o(RESET)
 <LI><a href="#[34]">Reserved58_IRQHandler</a> from startup_s32k144.o(.text) referenced from startup_s32k144.o(RESET)
 <LI><a href="#[35]">Reserved59_IRQHandler</a> from startup_s32k144.o(.text) referenced from startup_s32k144.o(RESET)
 <LI><a href="#[3f]">Reserved69_IRQHandler</a> from startup_s32k144.o(.text) referenced from startup_s32k144.o(RESET)
 <LI><a href="#[40]">Reserved70_IRQHandler</a> from startup_s32k144.o(.text) referenced from startup_s32k144.o(RESET)
 <LI><a href="#[41]">Reserved71_IRQHandler</a> from startup_s32k144.o(.text) referenced from startup_s32k144.o(RESET)
 <LI><a href="#[42]">Reserved72_IRQHandler</a> from startup_s32k144.o(.text) referenced from startup_s32k144.o(RESET)
 <LI><a href="#[4b]">Reserved81_IRQHandler</a> from startup_s32k144.o(.text) referenced from startup_s32k144.o(RESET)
 <LI><a href="#[4c]">Reserved82_IRQHandler</a> from startup_s32k144.o(.text) referenced from startup_s32k144.o(RESET)
 <LI><a href="#[4d]">Reserved83_IRQHandler</a> from startup_s32k144.o(.text) referenced from startup_s32k144.o(RESET)
 <LI><a href="#[50]">Reserved86_IRQHandler</a> from startup_s32k144.o(.text) referenced from startup_s32k144.o(RESET)
 <LI><a href="#[51]">Reserved87_IRQHandler</a> from startup_s32k144.o(.text) referenced from startup_s32k144.o(RESET)
 <LI><a href="#[52]">Reserved88_IRQHandler</a> from startup_s32k144.o(.text) referenced from startup_s32k144.o(RESET)
 <LI><a href="#[53]">Reserved89_IRQHandler</a> from startup_s32k144.o(.text) referenced from startup_s32k144.o(RESET)
 <LI><a href="#[54]">Reserved90_IRQHandler</a> from startup_s32k144.o(.text) referenced from startup_s32k144.o(RESET)
 <LI><a href="#[55]">Reserved91_IRQHandler</a> from startup_s32k144.o(.text) referenced from startup_s32k144.o(RESET)
 <LI><a href="#[56]">Reserved92_IRQHandler</a> from startup_s32k144.o(.text) referenced from startup_s32k144.o(RESET)
 <LI><a href="#[57]">Reserved93_IRQHandler</a> from startup_s32k144.o(.text) referenced from startup_s32k144.o(RESET)
 <LI><a href="#[5d]">Reserved99_IRQHandler</a> from startup_s32k144.o(.text) referenced from startup_s32k144.o(RESET)
 <LI><a href="#[0]">Reset_Handler</a> from startup_s32k144.o(.text) referenced from startup_s32k144.o(RESET)
 <LI><a href="#[43]">SCG_IRQHandler</a> from startup_s32k144.o(.text) referenced from startup_s32k144.o(RESET)
 <LI><a href="#[6]">SVC_Handler</a> from startup_s32k144.o(.text) referenced from startup_s32k144.o(RESET)
 <LI><a href="#[4a]">SWI_IRQHandler</a> from startup_s32k144.o(.text) referenced from startup_s32k144.o(RESET)
 <LI><a href="#[9]">SysTick_Handler</a> from startup_s32k144.o(.text) referenced from startup_s32k144.o(RESET)
 <LI><a href="#[86]">SystemInit</a> from system_s32k144.o(.text.SystemInit) referenced from startup_s32k144.o(.text)
 <LI><a href="#[5]">UsageFault_Handler</a> from startup_s32k144.o(.text) referenced from startup_s32k144.o(RESET)
 <LI><a href="#[20]">WDOG_EWM_IRQHandler</a> from startup_s32k144.o(.text) referenced from startup_s32k144.o(RESET)
 <LI><a href="#[88]">__main</a> from __main.o(!!!main) referenced from startup_s32k144.o(.text)
 <LI><a href="#[87]">init_data_bss</a> from startup.o(.text.init_data_bss) referenced from startup_s32k144.o(.text)
</UL>
<P>
<H3>
Global Symbols
</H3>
<P><STRONG><a name="[88]"></a>__main</STRONG> (Thumb, 8 bytes, Stack size 0 bytes, __main.o(!!!main))
<BR><BR>[Calls]<UL><LI><a href="#[8a]">&gt;&gt;</a>&nbsp;&nbsp;&nbsp;__rt_entry
<LI><a href="#[89]">&gt;&gt;</a>&nbsp;&nbsp;&nbsp;__scatterload
</UL>
<BR>[Address Reference Count : 1]<UL><LI> startup_s32k144.o(.text)
</UL>
<P><STRONG><a name="[89]"></a>__scatterload</STRONG> (Thumb, 0 bytes, Stack size unknown bytes, __scatter.o(!!!scatter))
<BR><BR>[Called By]<UL><LI><a href="#[88]">&gt;&gt;</a>&nbsp;&nbsp;&nbsp;__main
</UL>

<P><STRONG><a name="[8b]"></a>__scatterload_rt2</STRONG> (Thumb, 44 bytes, Stack size unknown bytes, __scatter.o(!!!scatter), UNUSED)
<BR><BR>[Calls]<UL><LI><a href="#[8a]">&gt;&gt;</a>&nbsp;&nbsp;&nbsp;__rt_entry
</UL>

<P><STRONG><a name="[ee]"></a>__scatterload_rt2_thumb_only</STRONG> (Thumb, 0 bytes, Stack size unknown bytes, __scatter.o(!!!scatter), UNUSED)

<P><STRONG><a name="[ef]"></a>__scatterload_null</STRONG> (Thumb, 0 bytes, Stack size unknown bytes, __scatter.o(!!!scatter), UNUSED)

<P><STRONG><a name="[8c]"></a>__scatterload_copy</STRONG> (Thumb, 26 bytes, Stack size unknown bytes, __scatter_copy.o(!!handler_copy), UNUSED)
<BR><BR>[Calls]<UL><LI><a href="#[8c]">&gt;&gt;</a>&nbsp;&nbsp;&nbsp;__scatterload_copy
</UL>
<BR>[Called By]<UL><LI><a href="#[8c]">&gt;&gt;</a>&nbsp;&nbsp;&nbsp;__scatterload_copy
</UL>

<P><STRONG><a name="[f0]"></a>__scatterload_zeroinit</STRONG> (Thumb, 28 bytes, Stack size unknown bytes, __scatter_zi.o(!!handler_zi), UNUSED)

<P><STRONG><a name="[92]"></a>__rt_lib_init</STRONG> (Thumb, 0 bytes, Stack size unknown bytes, libinit.o(.ARM.Collect$$libinit$$00000000))
<BR><BR>[Called By]<UL><LI><a href="#[91]">&gt;&gt;</a>&nbsp;&nbsp;&nbsp;__rt_entry_li
</UL>

<P><STRONG><a name="[8d]"></a>__rt_lib_init_fp_1</STRONG> (Thumb, 0 bytes, Stack size unknown bytes, libinit2.o(.ARM.Collect$$libinit$$00000001))
<BR><BR>[Calls]<UL><LI><a href="#[8e]">&gt;&gt;</a>&nbsp;&nbsp;&nbsp;_fp_init
</UL>

<P><STRONG><a name="[f1]"></a>__rt_lib_init_heap_1</STRONG> (Thumb, 0 bytes, Stack size unknown bytes, libinit2.o(.ARM.Collect$$libinit$$0000000C))

<P><STRONG><a name="[f2]"></a>__rt_lib_init_preinit_1</STRONG> (Thumb, 0 bytes, Stack size unknown bytes, libinit2.o(.ARM.Collect$$libinit$$00000006))

<P><STRONG><a name="[8f]"></a>__rt_lib_init_rand_2</STRONG> (Thumb, 0 bytes, Stack size unknown bytes, libinit2.o(.ARM.Collect$$libinit$$0000000F))
<BR><BR>[Stack]<UL><LI>Max Depth = 8 + Unknown Stack Size
<LI>Call Chain = __rt_lib_init_rand_2 &rArr; _rand_init &rArr; srand
</UL>
<BR>[Calls]<UL><LI><a href="#[90]">&gt;&gt;</a>&nbsp;&nbsp;&nbsp;_rand_init
</UL>

<P><STRONG><a name="[f3]"></a>__rt_lib_init_relocate_pie_1</STRONG> (Thumb, 0 bytes, Stack size unknown bytes, libinit2.o(.ARM.Collect$$libinit$$00000004))

<P><STRONG><a name="[f4]"></a>__rt_lib_init_user_alloc_1</STRONG> (Thumb, 0 bytes, Stack size unknown bytes, libinit2.o(.ARM.Collect$$libinit$$0000000E))

<P><STRONG><a name="[f5]"></a>__rt_lib_init_alloca_1</STRONG> (Thumb, 0 bytes, Stack size unknown bytes, libinit2.o(.ARM.Collect$$libinit$$00000030))

<P><STRONG><a name="[f6]"></a>__rt_lib_init_argv_1</STRONG> (Thumb, 0 bytes, Stack size unknown bytes, libinit2.o(.ARM.Collect$$libinit$$0000002E))

<P><STRONG><a name="[f7]"></a>__rt_lib_init_atexit_1</STRONG> (Thumb, 0 bytes, Stack size unknown bytes, libinit2.o(.ARM.Collect$$libinit$$0000001D))

<P><STRONG><a name="[f8]"></a>__rt_lib_init_clock_1</STRONG> (Thumb, 0 bytes, Stack size unknown bytes, libinit2.o(.ARM.Collect$$libinit$$00000023))

<P><STRONG><a name="[f9]"></a>__rt_lib_init_cpp_1</STRONG> (Thumb, 0 bytes, Stack size unknown bytes, libinit2.o(.ARM.Collect$$libinit$$00000034))

<P><STRONG><a name="[fa]"></a>__rt_lib_init_exceptions_1</STRONG> (Thumb, 0 bytes, Stack size unknown bytes, libinit2.o(.ARM.Collect$$libinit$$00000032))

<P><STRONG><a name="[fb]"></a>__rt_lib_init_fp_trap_1</STRONG> (Thumb, 0 bytes, Stack size unknown bytes, libinit2.o(.ARM.Collect$$libinit$$00000021))

<P><STRONG><a name="[fc]"></a>__rt_lib_init_getenv_1</STRONG> (Thumb, 0 bytes, Stack size unknown bytes, libinit2.o(.ARM.Collect$$libinit$$00000025))

<P><STRONG><a name="[fd]"></a>__rt_lib_init_lc_collate_1</STRONG> (Thumb, 0 bytes, Stack size unknown bytes, libinit2.o(.ARM.Collect$$libinit$$00000013))

<P><STRONG><a name="[fe]"></a>__rt_lib_init_lc_ctype_1</STRONG> (Thumb, 0 bytes, Stack size unknown bytes, libinit2.o(.ARM.Collect$$libinit$$00000015))

<P><STRONG><a name="[ff]"></a>__rt_lib_init_lc_monetary_1</STRONG> (Thumb, 0 bytes, Stack size unknown bytes, libinit2.o(.ARM.Collect$$libinit$$00000017))

<P><STRONG><a name="[100]"></a>__rt_lib_init_lc_numeric_1</STRONG> (Thumb, 0 bytes, Stack size unknown bytes, libinit2.o(.ARM.Collect$$libinit$$00000019))

<P><STRONG><a name="[101]"></a>__rt_lib_init_lc_time_1</STRONG> (Thumb, 0 bytes, Stack size unknown bytes, libinit2.o(.ARM.Collect$$libinit$$0000001B))

<P><STRONG><a name="[102]"></a>__rt_lib_init_rand_1</STRONG> (Thumb, 0 bytes, Stack size unknown bytes, libinit2.o(.ARM.Collect$$libinit$$00000010))

<P><STRONG><a name="[103]"></a>__rt_lib_init_return</STRONG> (Thumb, 0 bytes, Stack size unknown bytes, libinit2.o(.ARM.Collect$$libinit$$00000035))

<P><STRONG><a name="[104]"></a>__rt_lib_init_signal_1</STRONG> (Thumb, 0 bytes, Stack size unknown bytes, libinit2.o(.ARM.Collect$$libinit$$0000001F))

<P><STRONG><a name="[105]"></a>__rt_lib_init_stdio_1</STRONG> (Thumb, 0 bytes, Stack size unknown bytes, libinit2.o(.ARM.Collect$$libinit$$00000027))

<P><STRONG><a name="[97]"></a>__rt_lib_shutdown</STRONG> (Thumb, 0 bytes, Stack size unknown bytes, libshutdown.o(.ARM.Collect$$libshutdown$$00000000))
<BR><BR>[Called By]<UL><LI><a href="#[96]">&gt;&gt;</a>&nbsp;&nbsp;&nbsp;__rt_exit_ls
</UL>

<P><STRONG><a name="[106]"></a>__rt_lib_shutdown_cpp_1</STRONG> (Thumb, 0 bytes, Stack size unknown bytes, libshutdown2.o(.ARM.Collect$$libshutdown$$00000002))

<P><STRONG><a name="[107]"></a>__rt_lib_shutdown_fp_trap_1</STRONG> (Thumb, 0 bytes, Stack size unknown bytes, libshutdown2.o(.ARM.Collect$$libshutdown$$00000007))

<P><STRONG><a name="[108]"></a>__rt_lib_shutdown_heap_1</STRONG> (Thumb, 0 bytes, Stack size unknown bytes, libshutdown2.o(.ARM.Collect$$libshutdown$$0000000F))

<P><STRONG><a name="[109]"></a>__rt_lib_shutdown_return</STRONG> (Thumb, 0 bytes, Stack size unknown bytes, libshutdown2.o(.ARM.Collect$$libshutdown$$00000010))

<P><STRONG><a name="[10a]"></a>__rt_lib_shutdown_signal_1</STRONG> (Thumb, 0 bytes, Stack size unknown bytes, libshutdown2.o(.ARM.Collect$$libshutdown$$0000000A))

<P><STRONG><a name="[10b]"></a>__rt_lib_shutdown_stdio_1</STRONG> (Thumb, 0 bytes, Stack size unknown bytes, libshutdown2.o(.ARM.Collect$$libshutdown$$00000004))

<P><STRONG><a name="[10c]"></a>__rt_lib_shutdown_user_alloc_1</STRONG> (Thumb, 0 bytes, Stack size unknown bytes, libshutdown2.o(.ARM.Collect$$libshutdown$$0000000C))

<P><STRONG><a name="[8a]"></a>__rt_entry</STRONG> (Thumb, 0 bytes, Stack size unknown bytes, __rtentry.o(.ARM.Collect$$rtentry$$00000000))
<BR><BR>[Called By]<UL><LI><a href="#[88]">&gt;&gt;</a>&nbsp;&nbsp;&nbsp;__main
<LI><a href="#[8b]">&gt;&gt;</a>&nbsp;&nbsp;&nbsp;__scatterload_rt2
</UL>

<P><STRONG><a name="[10d]"></a>__rt_entry_presh_1</STRONG> (Thumb, 0 bytes, Stack size unknown bytes, __rtentry2.o(.ARM.Collect$$rtentry$$00000002))

<P><STRONG><a name="[10e]"></a>__rt_entry_sh</STRONG> (Thumb, 0 bytes, Stack size unknown bytes, __rtentry7.o(.ARM.Collect$$rtentry$$00000007))

<P><STRONG><a name="[91]"></a>__rt_entry_li</STRONG> (Thumb, 0 bytes, Stack size unknown bytes, __rtentry2.o(.ARM.Collect$$rtentry$$0000000A))
<BR><BR>[Calls]<UL><LI><a href="#[92]">&gt;&gt;</a>&nbsp;&nbsp;&nbsp;__rt_lib_init
</UL>

<P><STRONG><a name="[10f]"></a>__rt_entry_postsh_1</STRONG> (Thumb, 0 bytes, Stack size unknown bytes, __rtentry2.o(.ARM.Collect$$rtentry$$00000009))

<P><STRONG><a name="[93]"></a>__rt_entry_main</STRONG> (Thumb, 0 bytes, Stack size unknown bytes, __rtentry2.o(.ARM.Collect$$rtentry$$0000000D))
<BR><BR>[Stack]<UL><LI>Max Depth = 392 + Unknown Stack Size
<LI>Call Chain = __rt_entry_main &rArr; main &rArr; plant &rArr; __hardfp_sin &rArr; __ieee754_rem_pio2 &rArr; __aeabi_dmul
</UL>
<BR>[Calls]<UL><LI><a href="#[95]">&gt;&gt;</a>&nbsp;&nbsp;&nbsp;exit
<LI><a href="#[94]">&gt;&gt;</a>&nbsp;&nbsp;&nbsp;main
</UL>

<P><STRONG><a name="[110]"></a>__rt_entry_postli_1</STRONG> (Thumb, 0 bytes, Stack size unknown bytes, __rtentry2.o(.ARM.Collect$$rtentry$$0000000C))

<P><STRONG><a name="[9e]"></a>__rt_exit</STRONG> (Thumb, 0 bytes, Stack size unknown bytes, rtexit.o(.ARM.Collect$$rtexit$$00000000))
<BR><BR>[Called By]<UL><LI><a href="#[95]">&gt;&gt;</a>&nbsp;&nbsp;&nbsp;exit
</UL>

<P><STRONG><a name="[96]"></a>__rt_exit_ls</STRONG> (Thumb, 0 bytes, Stack size unknown bytes, rtexit2.o(.ARM.Collect$$rtexit$$00000003))
<BR><BR>[Calls]<UL><LI><a href="#[97]">&gt;&gt;</a>&nbsp;&nbsp;&nbsp;__rt_lib_shutdown
</UL>

<P><STRONG><a name="[111]"></a>__rt_exit_prels_1</STRONG> (Thumb, 0 bytes, Stack size unknown bytes, rtexit2.o(.ARM.Collect$$rtexit$$00000002))

<P><STRONG><a name="[98]"></a>__rt_exit_exit</STRONG> (Thumb, 0 bytes, Stack size unknown bytes, rtexit2.o(.ARM.Collect$$rtexit$$00000004))
<BR><BR>[Calls]<UL><LI><a href="#[99]">&gt;&gt;</a>&nbsp;&nbsp;&nbsp;_sys_exit
</UL>

<P><STRONG><a name="[c9]"></a>rand</STRONG> (Thumb, 48 bytes, Stack size 0 bytes, rand.o(.emb_text))
<BR><BR>[Called By]<UL><LI><a href="#[bf]">&gt;&gt;</a>&nbsp;&nbsp;&nbsp;whiteNoise
</UL>

<P><STRONG><a name="[0]"></a>Reset_Handler</STRONG> (Thumb, 28 bytes, Stack size 0 bytes, startup_s32k144.o(.text))
<BR>[Address Reference Count : 1]<UL><LI> startup_s32k144.o(RESET)
</UL>
<P><STRONG><a name="[1]"></a>NMI_Handler</STRONG> (Thumb, 2 bytes, Stack size 0 bytes, startup_s32k144.o(.text))
<BR><BR>[Calls]<UL><LI><a href="#[1]">&gt;&gt;</a>&nbsp;&nbsp;&nbsp;NMI_Handler
</UL>
<BR>[Called By]<UL><LI><a href="#[1]">&gt;&gt;</a>&nbsp;&nbsp;&nbsp;NMI_Handler
</UL>
<BR>[Address Reference Count : 1]<UL><LI> startup_s32k144.o(RESET)
</UL>
<P><STRONG><a name="[2]"></a>HardFault_Handler</STRONG> (Thumb, 2 bytes, Stack size 0 bytes, startup_s32k144.o(.text))
<BR><BR>[Calls]<UL><LI><a href="#[2]">&gt;&gt;</a>&nbsp;&nbsp;&nbsp;HardFault_Handler
</UL>
<BR>[Called By]<UL><LI><a href="#[2]">&gt;&gt;</a>&nbsp;&nbsp;&nbsp;HardFault_Handler
</UL>
<BR>[Address Reference Count : 1]<UL><LI> startup_s32k144.o(RESET)
</UL>
<P><STRONG><a name="[3]"></a>MemManage_Handler</STRONG> (Thumb, 2 bytes, Stack size 0 bytes, startup_s32k144.o(.text))
<BR><BR>[Calls]<UL><LI><a href="#[3]">&gt;&gt;</a>&nbsp;&nbsp;&nbsp;MemManage_Handler
</UL>
<BR>[Called By]<UL><LI><a href="#[3]">&gt;&gt;</a>&nbsp;&nbsp;&nbsp;MemManage_Handler
</UL>
<BR>[Address Reference Count : 1]<UL><LI> startup_s32k144.o(RESET)
</UL>
<P><STRONG><a name="[4]"></a>BusFault_Handler</STRONG> (Thumb, 2 bytes, Stack size 0 bytes, startup_s32k144.o(.text))
<BR><BR>[Calls]<UL><LI><a href="#[4]">&gt;&gt;</a>&nbsp;&nbsp;&nbsp;BusFault_Handler
</UL>
<BR>[Called By]<UL><LI><a href="#[4]">&gt;&gt;</a>&nbsp;&nbsp;&nbsp;BusFault_Handler
</UL>
<BR>[Address Reference Count : 1]<UL><LI> startup_s32k144.o(RESET)
</UL>
<P><STRONG><a name="[5]"></a>UsageFault_Handler</STRONG> (Thumb, 2 bytes, Stack size 0 bytes, startup_s32k144.o(.text))
<BR><BR>[Calls]<UL><LI><a href="#[5]">&gt;&gt;</a>&nbsp;&nbsp;&nbsp;UsageFault_Handler
</UL>
<BR>[Called By]<UL><LI><a href="#[5]">&gt;&gt;</a>&nbsp;&nbsp;&nbsp;UsageFault_Handler
</UL>
<BR>[Address Reference Count : 1]<UL><LI> startup_s32k144.o(RESET)
</UL>
<P><STRONG><a name="[6]"></a>SVC_Handler</STRONG> (Thumb, 2 bytes, Stack size 0 bytes, startup_s32k144.o(.text))
<BR><BR>[Calls]<UL><LI><a href="#[6]">&gt;&gt;</a>&nbsp;&nbsp;&nbsp;SVC_Handler
</UL>
<BR>[Called By]<UL><LI><a href="#[6]">&gt;&gt;</a>&nbsp;&nbsp;&nbsp;SVC_Handler
</UL>
<BR>[Address Reference Count : 1]<UL><LI> startup_s32k144.o(RESET)
</UL>
<P><STRONG><a name="[7]"></a>DebugMon_Handler</STRONG> (Thumb, 2 bytes, Stack size 0 bytes, startup_s32k144.o(.text))
<BR><BR>[Calls]<UL><LI><a href="#[7]">&gt;&gt;</a>&nbsp;&nbsp;&nbsp;DebugMon_Handler
</UL>
<BR>[Called By]<UL><LI><a href="#[7]">&gt;&gt;</a>&nbsp;&nbsp;&nbsp;DebugMon_Handler
</UL>
<BR>[Address Reference Count : 1]<UL><LI> startup_s32k144.o(RESET)
</UL>
<P><STRONG><a name="[8]"></a>PendSV_Handler</STRONG> (Thumb, 2 bytes, Stack size 0 bytes, startup_s32k144.o(.text))
<BR><BR>[Calls]<UL><LI><a href="#[8]">&gt;&gt;</a>&nbsp;&nbsp;&nbsp;PendSV_Handler
</UL>
<BR>[Called By]<UL><LI><a href="#[8]">&gt;&gt;</a>&nbsp;&nbsp;&nbsp;PendSV_Handler
</UL>
<BR>[Address Reference Count : 1]<UL><LI> startup_s32k144.o(RESET)
</UL>
<P><STRONG><a name="[9]"></a>SysTick_Handler</STRONG> (Thumb, 2 bytes, Stack size 0 bytes, startup_s32k144.o(.text))
<BR><BR>[Calls]<UL><LI><a href="#[9]">&gt;&gt;</a>&nbsp;&nbsp;&nbsp;SysTick_Handler
</UL>
<BR>[Called By]<UL><LI><a href="#[9]">&gt;&gt;</a>&nbsp;&nbsp;&nbsp;SysTick_Handler
</UL>
<BR>[Address Reference Count : 1]<UL><LI> startup_s32k144.o(RESET)
</UL>
<P><STRONG><a name="[85]"></a>DefaultISR</STRONG> (Thumb, 2 bytes, Stack size 0 bytes, startup_s32k144.o(.text))
<BR><BR>[Calls]<UL><LI><a href="#[85]">&gt;&gt;</a>&nbsp;&nbsp;&nbsp;DefaultISR
</UL>
<BR>[Called By]<UL><LI><a href="#[85]">&gt;&gt;</a>&nbsp;&nbsp;&nbsp;DefaultISR
</UL>
<BR>[Address Reference Count : 1]<UL><LI> startup_s32k144.o(RESET)
</UL>
<P><STRONG><a name="[31]"></a>ADC0_IRQHandler</STRONG> (Thumb, 0 bytes, Stack size 0 bytes, startup_s32k144.o(.text))
<BR><BR>[Calls]<UL><LI><a href="#[31]">&gt;&gt;</a>&nbsp;&nbsp;&nbsp;ADC0_IRQHandler
</UL>
<BR>[Called By]<UL><LI><a href="#[31]">&gt;&gt;</a>&nbsp;&nbsp;&nbsp;ADC0_IRQHandler
</UL>
<BR>[Address Reference Count : 1]<UL><LI> startup_s32k144.o(RESET)
</UL>
<P><STRONG><a name="[32]"></a>ADC1_IRQHandler</STRONG> (Thumb, 0 bytes, Stack size 0 bytes, startup_s32k144.o(.text))
<BR>[Address Reference Count : 1]<UL><LI> startup_s32k144.o(RESET)
</UL>
<P><STRONG><a name="[59]"></a>CAN0_Error_IRQHandler</STRONG> (Thumb, 0 bytes, Stack size 0 bytes, startup_s32k144.o(.text))
<BR>[Address Reference Count : 1]<UL><LI> startup_s32k144.o(RESET)
</UL>
<P><STRONG><a name="[5b]"></a>CAN0_ORed_0_15_MB_IRQHandler</STRONG> (Thumb, 0 bytes, Stack size 0 bytes, startup_s32k144.o(.text))
<BR>[Address Reference Count : 1]<UL><LI> startup_s32k144.o(RESET)
</UL>
<P><STRONG><a name="[5c]"></a>CAN0_ORed_16_31_MB_IRQHandler</STRONG> (Thumb, 0 bytes, Stack size 0 bytes, startup_s32k144.o(.text))
<BR>[Address Reference Count : 1]<UL><LI> startup_s32k144.o(RESET)
</UL>
<P><STRONG><a name="[58]"></a>CAN0_ORed_IRQHandler</STRONG> (Thumb, 0 bytes, Stack size 0 bytes, startup_s32k144.o(.text))
<BR>[Address Reference Count : 1]<UL><LI> startup_s32k144.o(RESET)
</UL>
<P><STRONG><a name="[5a]"></a>CAN0_Wake_Up_IRQHandler</STRONG> (Thumb, 0 bytes, Stack size 0 bytes, startup_s32k144.o(.text))
<BR>[Address Reference Count : 1]<UL><LI> startup_s32k144.o(RESET)
</UL>
<P><STRONG><a name="[60]"></a>CAN1_Error_IRQHandler</STRONG> (Thumb, 0 bytes, Stack size 0 bytes, startup_s32k144.o(.text))
<BR>[Address Reference Count : 1]<UL><LI> startup_s32k144.o(RESET)
</UL>
<P><STRONG><a name="[62]"></a>CAN1_ORed_0_15_MB_IRQHandler</STRONG> (Thumb, 0 bytes, Stack size 0 bytes, startup_s32k144.o(.text))
<BR>[Address Reference Count : 1]<UL><LI> startup_s32k144.o(RESET)
</UL>
<P><STRONG><a name="[5f]"></a>CAN1_ORed_IRQHandler</STRONG> (Thumb, 0 bytes, Stack size 0 bytes, startup_s32k144.o(.text))
<BR>[Address Reference Count : 1]<UL><LI> startup_s32k144.o(RESET)
</UL>
<P><STRONG><a name="[67]"></a>CAN2_Error_IRQHandler</STRONG> (Thumb, 0 bytes, Stack size 0 bytes, startup_s32k144.o(.text))
<BR>[Address Reference Count : 1]<UL><LI> startup_s32k144.o(RESET)
</UL>
<P><STRONG><a name="[69]"></a>CAN2_ORed_0_15_MB_IRQHandler</STRONG> (Thumb, 0 bytes, Stack size 0 bytes, startup_s32k144.o(.text))
<BR>[Address Reference Count : 1]<UL><LI> startup_s32k144.o(RESET)
</UL>
<P><STRONG><a name="[66]"></a>CAN2_ORed_IRQHandler</STRONG> (Thumb, 0 bytes, Stack size 0 bytes, startup_s32k144.o(.text))
<BR>[Address Reference Count : 1]<UL><LI> startup_s32k144.o(RESET)
</UL>
<P><STRONG><a name="[33]"></a>CMP0_IRQHandler</STRONG> (Thumb, 0 bytes, Stack size 0 bytes, startup_s32k144.o(.text))
<BR>[Address Reference Count : 1]<UL><LI> startup_s32k144.o(RESET)
</UL>
<P><STRONG><a name="[a]"></a>DMA0_IRQHandler</STRONG> (Thumb, 0 bytes, Stack size 0 bytes, startup_s32k144.o(.text))
<BR>[Address Reference Count : 1]<UL><LI> startup_s32k144.o(RESET)
</UL>
<P><STRONG><a name="[14]"></a>DMA10_IRQHandler</STRONG> (Thumb, 0 bytes, Stack size 0 bytes, startup_s32k144.o(.text))
<BR>[Address Reference Count : 1]<UL><LI> startup_s32k144.o(RESET)
</UL>
<P><STRONG><a name="[15]"></a>DMA11_IRQHandler</STRONG> (Thumb, 0 bytes, Stack size 0 bytes, startup_s32k144.o(.text))
<BR>[Address Reference Count : 1]<UL><LI> startup_s32k144.o(RESET)
</UL>
<P><STRONG><a name="[16]"></a>DMA12_IRQHandler</STRONG> (Thumb, 0 bytes, Stack size 0 bytes, startup_s32k144.o(.text))
<BR>[Address Reference Count : 1]<UL><LI> startup_s32k144.o(RESET)
</UL>
<P><STRONG><a name="[17]"></a>DMA13_IRQHandler</STRONG> (Thumb, 0 bytes, Stack size 0 bytes, startup_s32k144.o(.text))
<BR>[Address Reference Count : 1]<UL><LI> startup_s32k144.o(RESET)
</UL>
<P><STRONG><a name="[18]"></a>DMA14_IRQHandler</STRONG> (Thumb, 0 bytes, Stack size 0 bytes, startup_s32k144.o(.text))
<BR>[Address Reference Count : 1]<UL><LI> startup_s32k144.o(RESET)
</UL>
<P><STRONG><a name="[19]"></a>DMA15_IRQHandler</STRONG> (Thumb, 0 bytes, Stack size 0 bytes, startup_s32k144.o(.text))
<BR>[Address Reference Count : 1]<UL><LI> startup_s32k144.o(RESET)
</UL>
<P><STRONG><a name="[b]"></a>DMA1_IRQHandler</STRONG> (Thumb, 0 bytes, Stack size 0 bytes, startup_s32k144.o(.text))
<BR>[Address Reference Count : 1]<UL><LI> startup_s32k144.o(RESET)
</UL>
<P><STRONG><a name="[c]"></a>DMA2_IRQHandler</STRONG> (Thumb, 0 bytes, Stack size 0 bytes, startup_s32k144.o(.text))
<BR>[Address Reference Count : 1]<UL><LI> startup_s32k144.o(RESET)
</UL>
<P><STRONG><a name="[d]"></a>DMA3_IRQHandler</STRONG> (Thumb, 0 bytes, Stack size 0 bytes, startup_s32k144.o(.text))
<BR>[Address Reference Count : 1]<UL><LI> startup_s32k144.o(RESET)
</UL>
<P><STRONG><a name="[e]"></a>DMA4_IRQHandler</STRONG> (Thumb, 0 bytes, Stack size 0 bytes, startup_s32k144.o(.text))
<BR>[Address Reference Count : 1]<UL><LI> startup_s32k144.o(RESET)
</UL>
<P><STRONG><a name="[f]"></a>DMA5_IRQHandler</STRONG> (Thumb, 0 bytes, Stack size 0 bytes, startup_s32k144.o(.text))
<BR>[Address Reference Count : 1]<UL><LI> startup_s32k144.o(RESET)
</UL>
<P><STRONG><a name="[10]"></a>DMA6_IRQHandler</STRONG> (Thumb, 0 bytes, Stack size 0 bytes, startup_s32k144.o(.text))
<BR>[Address Reference Count : 1]<UL><LI> startup_s32k144.o(RESET)
</UL>
<P><STRONG><a name="[11]"></a>DMA7_IRQHandler</STRONG> (Thumb, 0 bytes, Stack size 0 bytes, startup_s32k144.o(.text))
<BR>[Address Reference Count : 1]<UL><LI> startup_s32k144.o(RESET)
</UL>
<P><STRONG><a name="[12]"></a>DMA8_IRQHandler</STRONG> (Thumb, 0 bytes, Stack size 0 bytes, startup_s32k144.o(.text))
<BR>[Address Reference Count : 1]<UL><LI> startup_s32k144.o(RESET)
</UL>
<P><STRONG><a name="[13]"></a>DMA9_IRQHandler</STRONG> (Thumb, 0 bytes, Stack size 0 bytes, startup_s32k144.o(.text))
<BR>[Address Reference Count : 1]<UL><LI> startup_s32k144.o(RESET)
</UL>
<P><STRONG><a name="[1a]"></a>DMA_Error_IRQHandler</STRONG> (Thumb, 0 bytes, Stack size 0 bytes, startup_s32k144.o(.text))
<BR>[Address Reference Count : 1]<UL><LI> startup_s32k144.o(RESET)
</UL>
<P><STRONG><a name="[37]"></a>ERM_double_fault_IRQHandler</STRONG> (Thumb, 0 bytes, Stack size 0 bytes, startup_s32k144.o(.text))
<BR>[Address Reference Count : 1]<UL><LI> startup_s32k144.o(RESET)
</UL>
<P><STRONG><a name="[36]"></a>ERM_single_fault_IRQHandler</STRONG> (Thumb, 0 bytes, Stack size 0 bytes, startup_s32k144.o(.text))
<BR>[Address Reference Count : 1]<UL><LI> startup_s32k144.o(RESET)
</UL>
<P><STRONG><a name="[4f]"></a>FLEXIO_IRQHandler</STRONG> (Thumb, 0 bytes, Stack size 0 bytes, startup_s32k144.o(.text))
<BR>[Address Reference Count : 1]<UL><LI> startup_s32k144.o(RESET)
</UL>
<P><STRONG><a name="[1f]"></a>FTFC_Fault_IRQHandler</STRONG> (Thumb, 0 bytes, Stack size 0 bytes, startup_s32k144.o(.text))
<BR>[Address Reference Count : 1]<UL><LI> startup_s32k144.o(RESET)
</UL>
<P><STRONG><a name="[1c]"></a>FTFC_IRQHandler</STRONG> (Thumb, 0 bytes, Stack size 0 bytes, startup_s32k144.o(.text))
<BR>[Address Reference Count : 1]<UL><LI> startup_s32k144.o(RESET)
</UL>
<P><STRONG><a name="[6d]"></a>FTM0_Ch0_Ch1_IRQHandler</STRONG> (Thumb, 0 bytes, Stack size 0 bytes, startup_s32k144.o(.text))
<BR>[Address Reference Count : 1]<UL><LI> startup_s32k144.o(RESET)
</UL>
<P><STRONG><a name="[6e]"></a>FTM0_Ch2_Ch3_IRQHandler</STRONG> (Thumb, 0 bytes, Stack size 0 bytes, startup_s32k144.o(.text))
<BR>[Address Reference Count : 1]<UL><LI> startup_s32k144.o(RESET)
</UL>
<P><STRONG><a name="[6f]"></a>FTM0_Ch4_Ch5_IRQHandler</STRONG> (Thumb, 0 bytes, Stack size 0 bytes, startup_s32k144.o(.text))
<BR>[Address Reference Count : 1]<UL><LI> startup_s32k144.o(RESET)
</UL>
<P><STRONG><a name="[70]"></a>FTM0_Ch6_Ch7_IRQHandler</STRONG> (Thumb, 0 bytes, Stack size 0 bytes, startup_s32k144.o(.text))
<BR>[Address Reference Count : 1]<UL><LI> startup_s32k144.o(RESET)
</UL>
<P><STRONG><a name="[71]"></a>FTM0_Fault_IRQHandler</STRONG> (Thumb, 0 bytes, Stack size 0 bytes, startup_s32k144.o(.text))
<BR>[Address Reference Count : 1]<UL><LI> startup_s32k144.o(RESET)
</UL>
<P><STRONG><a name="[72]"></a>FTM0_Ovf_Reload_IRQHandler</STRONG> (Thumb, 0 bytes, Stack size 0 bytes, startup_s32k144.o(.text))
<BR>[Address Reference Count : 1]<UL><LI> startup_s32k144.o(RESET)
</UL>
<P><STRONG><a name="[73]"></a>FTM1_Ch0_Ch1_IRQHandler</STRONG> (Thumb, 0 bytes, Stack size 0 bytes, startup_s32k144.o(.text))
<BR>[Address Reference Count : 1]<UL><LI> startup_s32k144.o(RESET)
</UL>
<P><STRONG><a name="[74]"></a>FTM1_Ch2_Ch3_IRQHandler</STRONG> (Thumb, 0 bytes, Stack size 0 bytes, startup_s32k144.o(.text))
<BR>[Address Reference Count : 1]<UL><LI> startup_s32k144.o(RESET)
</UL>
<P><STRONG><a name="[75]"></a>FTM1_Ch4_Ch5_IRQHandler</STRONG> (Thumb, 0 bytes, Stack size 0 bytes, startup_s32k144.o(.text))
<BR>[Address Reference Count : 1]<UL><LI> startup_s32k144.o(RESET)
</UL>
<P><STRONG><a name="[76]"></a>FTM1_Ch6_Ch7_IRQHandler</STRONG> (Thumb, 0 bytes, Stack size 0 bytes, startup_s32k144.o(.text))
<BR>[Address Reference Count : 1]<UL><LI> startup_s32k144.o(RESET)
</UL>
<P><STRONG><a name="[77]"></a>FTM1_Fault_IRQHandler</STRONG> (Thumb, 0 bytes, Stack size 0 bytes, startup_s32k144.o(.text))
<BR>[Address Reference Count : 1]<UL><LI> startup_s32k144.o(RESET)
</UL>
<P><STRONG><a name="[78]"></a>FTM1_Ovf_Reload_IRQHandler</STRONG> (Thumb, 0 bytes, Stack size 0 bytes, startup_s32k144.o(.text))
<BR>[Address Reference Count : 1]<UL><LI> startup_s32k144.o(RESET)
</UL>
<P><STRONG><a name="[79]"></a>FTM2_Ch0_Ch1_IRQHandler</STRONG> (Thumb, 0 bytes, Stack size 0 bytes, startup_s32k144.o(.text))
<BR>[Address Reference Count : 1]<UL><LI> startup_s32k144.o(RESET)
</UL>
<P><STRONG><a name="[7a]"></a>FTM2_Ch2_Ch3_IRQHandler</STRONG> (Thumb, 0 bytes, Stack size 0 bytes, startup_s32k144.o(.text))
<BR>[Address Reference Count : 1]<UL><LI> startup_s32k144.o(RESET)
</UL>
<P><STRONG><a name="[7b]"></a>FTM2_Ch4_Ch5_IRQHandler</STRONG> (Thumb, 0 bytes, Stack size 0 bytes, startup_s32k144.o(.text))
<BR>[Address Reference Count : 1]<UL><LI> startup_s32k144.o(RESET)
</UL>
<P><STRONG><a name="[7c]"></a>FTM2_Ch6_Ch7_IRQHandler</STRONG> (Thumb, 0 bytes, Stack size 0 bytes, startup_s32k144.o(.text))
<BR>[Address Reference Count : 1]<UL><LI> startup_s32k144.o(RESET)
</UL>
<P><STRONG><a name="[7d]"></a>FTM2_Fault_IRQHandler</STRONG> (Thumb, 0 bytes, Stack size 0 bytes, startup_s32k144.o(.text))
<BR>[Address Reference Count : 1]<UL><LI> startup_s32k144.o(RESET)
</UL>
<P><STRONG><a name="[7e]"></a>FTM2_Ovf_Reload_IRQHandler</STRONG> (Thumb, 0 bytes, Stack size 0 bytes, startup_s32k144.o(.text))
<BR>[Address Reference Count : 1]<UL><LI> startup_s32k144.o(RESET)
</UL>
<P><STRONG><a name="[7f]"></a>FTM3_Ch0_Ch1_IRQHandler</STRONG> (Thumb, 0 bytes, Stack size 0 bytes, startup_s32k144.o(.text))
<BR>[Address Reference Count : 1]<UL><LI> startup_s32k144.o(RESET)
</UL>
<P><STRONG><a name="[80]"></a>FTM3_Ch2_Ch3_IRQHandler</STRONG> (Thumb, 0 bytes, Stack size 0 bytes, startup_s32k144.o(.text))
<BR>[Address Reference Count : 1]<UL><LI> startup_s32k144.o(RESET)
</UL>
<P><STRONG><a name="[81]"></a>FTM3_Ch4_Ch5_IRQHandler</STRONG> (Thumb, 0 bytes, Stack size 0 bytes, startup_s32k144.o(.text))
<BR>[Address Reference Count : 1]<UL><LI> startup_s32k144.o(RESET)
</UL>
<P><STRONG><a name="[82]"></a>FTM3_Ch6_Ch7_IRQHandler</STRONG> (Thumb, 0 bytes, Stack size 0 bytes, startup_s32k144.o(.text))
<BR>[Address Reference Count : 1]<UL><LI> startup_s32k144.o(RESET)
</UL>
<P><STRONG><a name="[83]"></a>FTM3_Fault_IRQHandler</STRONG> (Thumb, 0 bytes, Stack size 0 bytes, startup_s32k144.o(.text))
<BR>[Address Reference Count : 1]<UL><LI> startup_s32k144.o(RESET)
</UL>
<P><STRONG><a name="[84]"></a>FTM3_Ovf_Reload_IRQHandler</STRONG> (Thumb, 0 bytes, Stack size 0 bytes, startup_s32k144.o(.text))
<BR>[Address Reference Count : 1]<UL><LI> startup_s32k144.o(RESET)
</UL>
<P><STRONG><a name="[22]"></a>LPI2C0_Master_IRQHandler</STRONG> (Thumb, 0 bytes, Stack size 0 bytes, startup_s32k144.o(.text))
<BR>[Address Reference Count : 1]<UL><LI> startup_s32k144.o(RESET)
</UL>
<P><STRONG><a name="[23]"></a>LPI2C0_Slave_IRQHandler</STRONG> (Thumb, 0 bytes, Stack size 0 bytes, startup_s32k144.o(.text))
<BR>[Address Reference Count : 1]<UL><LI> startup_s32k144.o(RESET)
</UL>
<P><STRONG><a name="[24]"></a>LPSPI0_IRQHandler</STRONG> (Thumb, 0 bytes, Stack size 0 bytes, startup_s32k144.o(.text))
<BR>[Address Reference Count : 1]<UL><LI> startup_s32k144.o(RESET)
</UL>
<P><STRONG><a name="[25]"></a>LPSPI1_IRQHandler</STRONG> (Thumb, 0 bytes, Stack size 0 bytes, startup_s32k144.o(.text))
<BR>[Address Reference Count : 1]<UL><LI> startup_s32k144.o(RESET)
</UL>
<P><STRONG><a name="[26]"></a>LPSPI2_IRQHandler</STRONG> (Thumb, 0 bytes, Stack size 0 bytes, startup_s32k144.o(.text))
<BR>[Address Reference Count : 1]<UL><LI> startup_s32k144.o(RESET)
</UL>
<P><STRONG><a name="[44]"></a>LPTMR0_IRQHandler</STRONG> (Thumb, 0 bytes, Stack size 0 bytes, startup_s32k144.o(.text))
<BR>[Address Reference Count : 1]<UL><LI> startup_s32k144.o(RESET)
</UL>
<P><STRONG><a name="[29]"></a>LPUART0_RxTx_IRQHandler</STRONG> (Thumb, 0 bytes, Stack size 0 bytes, startup_s32k144.o(.text))
<BR>[Address Reference Count : 1]<UL><LI> startup_s32k144.o(RESET)
</UL>
<P><STRONG><a name="[2b]"></a>LPUART1_RxTx_IRQHandler</STRONG> (Thumb, 0 bytes, Stack size 0 bytes, startup_s32k144.o(.text))
<BR>[Address Reference Count : 1]<UL><LI> startup_s32k144.o(RESET)
</UL>
<P><STRONG><a name="[2d]"></a>LPUART2_RxTx_IRQHandler</STRONG> (Thumb, 0 bytes, Stack size 0 bytes, startup_s32k144.o(.text))
<BR>[Address Reference Count : 1]<UL><LI> startup_s32k144.o(RESET)
</UL>
<P><STRONG><a name="[1e]"></a>LVD_LVW_IRQHandler</STRONG> (Thumb, 0 bytes, Stack size 0 bytes, startup_s32k144.o(.text))
<BR>[Address Reference Count : 1]<UL><LI> startup_s32k144.o(RESET)
</UL>
<P><STRONG><a name="[1b]"></a>MCM_IRQHandler</STRONG> (Thumb, 0 bytes, Stack size 0 bytes, startup_s32k144.o(.text))
<BR>[Address Reference Count : 1]<UL><LI> startup_s32k144.o(RESET)
</UL>
<P><STRONG><a name="[3e]"></a>PDB0_IRQHandler</STRONG> (Thumb, 0 bytes, Stack size 0 bytes, startup_s32k144.o(.text))
<BR>[Address Reference Count : 1]<UL><LI> startup_s32k144.o(RESET)
</UL>
<P><STRONG><a name="[4e]"></a>PDB1_IRQHandler</STRONG> (Thumb, 0 bytes, Stack size 0 bytes, startup_s32k144.o(.text))
<BR>[Address Reference Count : 1]<UL><LI> startup_s32k144.o(RESET)
</UL>
<P><STRONG><a name="[45]"></a>PORTA_IRQHandler</STRONG> (Thumb, 0 bytes, Stack size 0 bytes, startup_s32k144.o(.text))
<BR>[Address Reference Count : 1]<UL><LI> startup_s32k144.o(RESET)
</UL>
<P><STRONG><a name="[46]"></a>PORTB_IRQHandler</STRONG> (Thumb, 0 bytes, Stack size 0 bytes, startup_s32k144.o(.text))
<BR>[Address Reference Count : 1]<UL><LI> startup_s32k144.o(RESET)
</UL>
<P><STRONG><a name="[48]"></a>PORTD_IRQHandler</STRONG> (Thumb, 0 bytes, Stack size 0 bytes, startup_s32k144.o(.text))
<BR>[Address Reference Count : 1]<UL><LI> startup_s32k144.o(RESET)
</UL>
<P><STRONG><a name="[49]"></a>PORTE_IRQHandler</STRONG> (Thumb, 0 bytes, Stack size 0 bytes, startup_s32k144.o(.text))
<BR>[Address Reference Count : 1]<UL><LI> startup_s32k144.o(RESET)
</UL>
<P><STRONG><a name="[21]"></a>RCM_IRQHandler</STRONG> (Thumb, 0 bytes, Stack size 0 bytes, startup_s32k144.o(.text))
<BR>[Address Reference Count : 1]<UL><LI> startup_s32k144.o(RESET)
</UL>
<P><STRONG><a name="[38]"></a>RTC_IRQHandler</STRONG> (Thumb, 0 bytes, Stack size 0 bytes, startup_s32k144.o(.text))
<BR>[Address Reference Count : 1]<UL><LI> startup_s32k144.o(RESET)
</UL>
<P><STRONG><a name="[39]"></a>RTC_Seconds_IRQHandler</STRONG> (Thumb, 0 bytes, Stack size 0 bytes, startup_s32k144.o(.text))
<BR>[Address Reference Count : 1]<UL><LI> startup_s32k144.o(RESET)
</UL>
<P><STRONG><a name="[1d]"></a>Read_Collision_IRQHandler</STRONG> (Thumb, 0 bytes, Stack size 0 bytes, startup_s32k144.o(.text))
<BR>[Address Reference Count : 1]<UL><LI> startup_s32k144.o(RESET)
</UL>
<P><STRONG><a name="[5e]"></a>Reserved100_IRQHandler</STRONG> (Thumb, 0 bytes, Stack size 0 bytes, startup_s32k144.o(.text))
<BR>[Address Reference Count : 1]<UL><LI> startup_s32k144.o(RESET)
</UL>
<P><STRONG><a name="[61]"></a>Reserved103_IRQHandler</STRONG> (Thumb, 0 bytes, Stack size 0 bytes, startup_s32k144.o(.text))
<BR>[Address Reference Count : 1]<UL><LI> startup_s32k144.o(RESET)
</UL>
<P><STRONG><a name="[63]"></a>Reserved105_IRQHandler</STRONG> (Thumb, 0 bytes, Stack size 0 bytes, startup_s32k144.o(.text))
<BR>[Address Reference Count : 1]<UL><LI> startup_s32k144.o(RESET)
</UL>
<P><STRONG><a name="[64]"></a>Reserved106_IRQHandler</STRONG> (Thumb, 0 bytes, Stack size 0 bytes, startup_s32k144.o(.text))
<BR>[Address Reference Count : 1]<UL><LI> startup_s32k144.o(RESET)
</UL>
<P><STRONG><a name="[65]"></a>Reserved107_IRQHandler</STRONG> (Thumb, 0 bytes, Stack size 0 bytes, startup_s32k144.o(.text))
<BR>[Address Reference Count : 1]<UL><LI> startup_s32k144.o(RESET)
</UL>
<P><STRONG><a name="[68]"></a>Reserved110_IRQHandler</STRONG> (Thumb, 0 bytes, Stack size 0 bytes, startup_s32k144.o(.text))
<BR>[Address Reference Count : 1]<UL><LI> startup_s32k144.o(RESET)
</UL>
<P><STRONG><a name="[6a]"></a>Reserved112_IRQHandler</STRONG> (Thumb, 0 bytes, Stack size 0 bytes, startup_s32k144.o(.text))
<BR>[Address Reference Count : 1]<UL><LI> startup_s32k144.o(RESET)
</UL>
<P><STRONG><a name="[6b]"></a>Reserved113_IRQHandler</STRONG> (Thumb, 0 bytes, Stack size 0 bytes, startup_s32k144.o(.text))
<BR>[Address Reference Count : 1]<UL><LI> startup_s32k144.o(RESET)
</UL>
<P><STRONG><a name="[6c]"></a>Reserved114_IRQHandler</STRONG> (Thumb, 0 bytes, Stack size 0 bytes, startup_s32k144.o(.text))
<BR>[Address Reference Count : 1]<UL><LI> startup_s32k144.o(RESET)
</UL>
<P><STRONG><a name="[27]"></a>Reserved45_IRQHandler</STRONG> (Thumb, 0 bytes, Stack size 0 bytes, startup_s32k144.o(.text))
<BR>[Address Reference Count : 1]<UL><LI> startup_s32k144.o(RESET)
</UL>
<P><STRONG><a name="[28]"></a>Reserved46_IRQHandler</STRONG> (Thumb, 0 bytes, Stack size 0 bytes, startup_s32k144.o(.text))
<BR>[Address Reference Count : 1]<UL><LI> startup_s32k144.o(RESET)
</UL>
<P><STRONG><a name="[2a]"></a>Reserved48_IRQHandler</STRONG> (Thumb, 0 bytes, Stack size 0 bytes, startup_s32k144.o(.text))
<BR>[Address Reference Count : 1]<UL><LI> startup_s32k144.o(RESET)
</UL>
<P><STRONG><a name="[2c]"></a>Reserved50_IRQHandler</STRONG> (Thumb, 0 bytes, Stack size 0 bytes, startup_s32k144.o(.text))
<BR>[Address Reference Count : 1]<UL><LI> startup_s32k144.o(RESET)
</UL>
<P><STRONG><a name="[2e]"></a>Reserved52_IRQHandler</STRONG> (Thumb, 0 bytes, Stack size 0 bytes, startup_s32k144.o(.text))
<BR>[Address Reference Count : 1]<UL><LI> startup_s32k144.o(RESET)
</UL>
<P><STRONG><a name="[2f]"></a>Reserved53_IRQHandler</STRONG> (Thumb, 0 bytes, Stack size 0 bytes, startup_s32k144.o(.text))
<BR>[Address Reference Count : 1]<UL><LI> startup_s32k144.o(RESET)
</UL>
<P><STRONG><a name="[30]"></a>Reserved54_IRQHandler</STRONG> (Thumb, 0 bytes, Stack size 0 bytes, startup_s32k144.o(.text))
<BR>[Address Reference Count : 1]<UL><LI> startup_s32k144.o(RESET)
</UL>
<P><STRONG><a name="[34]"></a>Reserved58_IRQHandler</STRONG> (Thumb, 0 bytes, Stack size 0 bytes, startup_s32k144.o(.text))
<BR>[Address Reference Count : 1]<UL><LI> startup_s32k144.o(RESET)
</UL>
<P><STRONG><a name="[35]"></a>Reserved59_IRQHandler</STRONG> (Thumb, 0 bytes, Stack size 0 bytes, startup_s32k144.o(.text))
<BR>[Address Reference Count : 1]<UL><LI> startup_s32k144.o(RESET)
</UL>
<P><STRONG><a name="[3f]"></a>Reserved69_IRQHandler</STRONG> (Thumb, 0 bytes, Stack size 0 bytes, startup_s32k144.o(.text))
<BR>[Address Reference Count : 1]<UL><LI> startup_s32k144.o(RESET)
</UL>
<P><STRONG><a name="[40]"></a>Reserved70_IRQHandler</STRONG> (Thumb, 0 bytes, Stack size 0 bytes, startup_s32k144.o(.text))
<BR>[Address Reference Count : 1]<UL><LI> startup_s32k144.o(RESET)
</UL>
<P><STRONG><a name="[41]"></a>Reserved71_IRQHandler</STRONG> (Thumb, 0 bytes, Stack size 0 bytes, startup_s32k144.o(.text))
<BR>[Address Reference Count : 1]<UL><LI> startup_s32k144.o(RESET)
</UL>
<P><STRONG><a name="[42]"></a>Reserved72_IRQHandler</STRONG> (Thumb, 0 bytes, Stack size 0 bytes, startup_s32k144.o(.text))
<BR>[Address Reference Count : 1]<UL><LI> startup_s32k144.o(RESET)
</UL>
<P><STRONG><a name="[4b]"></a>Reserved81_IRQHandler</STRONG> (Thumb, 0 bytes, Stack size 0 bytes, startup_s32k144.o(.text))
<BR>[Address Reference Count : 1]<UL><LI> startup_s32k144.o(RESET)
</UL>
<P><STRONG><a name="[4c]"></a>Reserved82_IRQHandler</STRONG> (Thumb, 0 bytes, Stack size 0 bytes, startup_s32k144.o(.text))
<BR>[Address Reference Count : 1]<UL><LI> startup_s32k144.o(RESET)
</UL>
<P><STRONG><a name="[4d]"></a>Reserved83_IRQHandler</STRONG> (Thumb, 0 bytes, Stack size 0 bytes, startup_s32k144.o(.text))
<BR>[Address Reference Count : 1]<UL><LI> startup_s32k144.o(RESET)
</UL>
<P><STRONG><a name="[50]"></a>Reserved86_IRQHandler</STRONG> (Thumb, 0 bytes, Stack size 0 bytes, startup_s32k144.o(.text))
<BR>[Address Reference Count : 1]<UL><LI> startup_s32k144.o(RESET)
</UL>
<P><STRONG><a name="[51]"></a>Reserved87_IRQHandler</STRONG> (Thumb, 0 bytes, Stack size 0 bytes, startup_s32k144.o(.text))
<BR>[Address Reference Count : 1]<UL><LI> startup_s32k144.o(RESET)
</UL>
<P><STRONG><a name="[52]"></a>Reserved88_IRQHandler</STRONG> (Thumb, 0 bytes, Stack size 0 bytes, startup_s32k144.o(.text))
<BR>[Address Reference Count : 1]<UL><LI> startup_s32k144.o(RESET)
</UL>
<P><STRONG><a name="[53]"></a>Reserved89_IRQHandler</STRONG> (Thumb, 0 bytes, Stack size 0 bytes, startup_s32k144.o(.text))
<BR>[Address Reference Count : 1]<UL><LI> startup_s32k144.o(RESET)
</UL>
<P><STRONG><a name="[54]"></a>Reserved90_IRQHandler</STRONG> (Thumb, 0 bytes, Stack size 0 bytes, startup_s32k144.o(.text))
<BR>[Address Reference Count : 1]<UL><LI> startup_s32k144.o(RESET)
</UL>
<P><STRONG><a name="[55]"></a>Reserved91_IRQHandler</STRONG> (Thumb, 0 bytes, Stack size 0 bytes, startup_s32k144.o(.text))
<BR>[Address Reference Count : 1]<UL><LI> startup_s32k144.o(RESET)
</UL>
<P><STRONG><a name="[56]"></a>Reserved92_IRQHandler</STRONG> (Thumb, 0 bytes, Stack size 0 bytes, startup_s32k144.o(.text))
<BR>[Address Reference Count : 1]<UL><LI> startup_s32k144.o(RESET)
</UL>
<P><STRONG><a name="[57]"></a>Reserved93_IRQHandler</STRONG> (Thumb, 0 bytes, Stack size 0 bytes, startup_s32k144.o(.text))
<BR>[Address Reference Count : 1]<UL><LI> startup_s32k144.o(RESET)
</UL>
<P><STRONG><a name="[5d]"></a>Reserved99_IRQHandler</STRONG> (Thumb, 0 bytes, Stack size 0 bytes, startup_s32k144.o(.text))
<BR>[Address Reference Count : 1]<UL><LI> startup_s32k144.o(RESET)
</UL>
<P><STRONG><a name="[43]"></a>SCG_IRQHandler</STRONG> (Thumb, 0 bytes, Stack size 0 bytes, startup_s32k144.o(.text))
<BR>[Address Reference Count : 1]<UL><LI> startup_s32k144.o(RESET)
</UL>
<P><STRONG><a name="[4a]"></a>SWI_IRQHandler</STRONG> (Thumb, 0 bytes, Stack size 0 bytes, startup_s32k144.o(.text))
<BR>[Address Reference Count : 1]<UL><LI> startup_s32k144.o(RESET)
</UL>
<P><STRONG><a name="[20]"></a>WDOG_EWM_IRQHandler</STRONG> (Thumb, 0 bytes, Stack size 0 bytes, startup_s32k144.o(.text))
<BR>[Address Reference Count : 1]<UL><LI> startup_s32k144.o(RESET)
</UL>
<P><STRONG><a name="[9a]"></a>srand</STRONG> (Thumb, 42 bytes, Stack size 8 bytes, rand.o(.text))
<BR><BR>[Stack]<UL><LI>Max Depth = 8<LI>Call Chain = srand
</UL>
<BR>[Called By]<UL><LI><a href="#[90]">&gt;&gt;</a>&nbsp;&nbsp;&nbsp;_rand_init
</UL>

<P><STRONG><a name="[90]"></a>_rand_init</STRONG> (Thumb, 4 bytes, Stack size 0 bytes, rand.o(.text))
<BR><BR>[Stack]<UL><LI>Max Depth = 8<LI>Call Chain = _rand_init &rArr; srand
</UL>
<BR>[Calls]<UL><LI><a href="#[9a]">&gt;&gt;</a>&nbsp;&nbsp;&nbsp;srand
</UL>
<BR>[Called By]<UL><LI><a href="#[8f]">&gt;&gt;</a>&nbsp;&nbsp;&nbsp;__rt_lib_init_rand_2
</UL>

<P><STRONG><a name="[9b]"></a>__read_errno</STRONG> (Thumb, 10 bytes, Stack size 8 bytes, _rserrno.o(.text), UNUSED)
<BR><BR>[Calls]<UL><LI><a href="#[9c]">&gt;&gt;</a>&nbsp;&nbsp;&nbsp;__aeabi_errno_addr
</UL>

<P><STRONG><a name="[9d]"></a>__set_errno</STRONG> (Thumb, 12 bytes, Stack size 8 bytes, _rserrno.o(.text))
<BR><BR>[Stack]<UL><LI>Max Depth = 8<LI>Call Chain = __set_errno
</UL>
<BR>[Calls]<UL><LI><a href="#[9c]">&gt;&gt;</a>&nbsp;&nbsp;&nbsp;__aeabi_errno_addr
</UL>
<BR>[Called By]<UL><LI><a href="#[d1]">&gt;&gt;</a>&nbsp;&nbsp;&nbsp;sqrt
<LI><a href="#[c7]">&gt;&gt;</a>&nbsp;&nbsp;&nbsp;__hardfp_sin
<LI><a href="#[ab]">&gt;&gt;</a>&nbsp;&nbsp;&nbsp;__hardfp_log
<LI><a href="#[a5]">&gt;&gt;</a>&nbsp;&nbsp;&nbsp;__hardfp_asin
</UL>

<P><STRONG><a name="[9c]"></a>__aeabi_errno_addr</STRONG> (Thumb, 8 bytes, Stack size 0 bytes, rt_errno_addr_intlibspace.o(.text))
<BR><BR>[Called By]<UL><LI><a href="#[9d]">&gt;&gt;</a>&nbsp;&nbsp;&nbsp;__set_errno
<LI><a href="#[9b]">&gt;&gt;</a>&nbsp;&nbsp;&nbsp;__read_errno
</UL>

<P><STRONG><a name="[112]"></a>__errno$intlibspace</STRONG> (Thumb, 0 bytes, Stack size 0 bytes, rt_errno_addr_intlibspace.o(.text), UNUSED)

<P><STRONG><a name="[113]"></a>__rt_errno_addr$intlibspace</STRONG> (Thumb, 0 bytes, Stack size 0 bytes, rt_errno_addr_intlibspace.o(.text), UNUSED)

<P><STRONG><a name="[95]"></a>exit</STRONG> (Thumb, 18 bytes, Stack size 8 bytes, exit.o(.text))
<BR><BR>[Stack]<UL><LI>Max Depth = 8 + Unknown Stack Size
<LI>Call Chain = exit
</UL>
<BR>[Calls]<UL><LI><a href="#[9e]">&gt;&gt;</a>&nbsp;&nbsp;&nbsp;__rt_exit
</UL>
<BR>[Called By]<UL><LI><a href="#[93]">&gt;&gt;</a>&nbsp;&nbsp;&nbsp;__rt_entry_main
</UL>

<P><STRONG><a name="[114]"></a>__I$use$semihosting</STRONG> (Thumb, 0 bytes, Stack size 0 bytes, use_no_semi.o(.text), UNUSED)

<P><STRONG><a name="[115]"></a>__use_no_semihosting_swi</STRONG> (Thumb, 2 bytes, Stack size 0 bytes, use_no_semi.o(.text), UNUSED)

<P><STRONG><a name="[116]"></a>__semihosting_library_function</STRONG> (Thumb, 0 bytes, Stack size 0 bytes, indicate_semi.o(.text), UNUSED)

<P><STRONG><a name="[99]"></a>_sys_exit</STRONG> (Thumb, 8 bytes, Stack size 0 bytes, sys_exit.o(.text))
<BR><BR>[Called By]<UL><LI><a href="#[98]">&gt;&gt;</a>&nbsp;&nbsp;&nbsp;__rt_exit_exit
</UL>

<P><STRONG><a name="[b5]"></a>ADC_init</STRONG> (Thumb, 100 bytes, Stack size 0 bytes, adc.o(.text.ADC_init))
<BR><BR>[Called By]<UL><LI><a href="#[94]">&gt;&gt;</a>&nbsp;&nbsp;&nbsp;main
</UL>

<P><STRONG><a name="[c5]"></a>FTM0_CH2_PWM</STRONG> (Thumb, 48 bytes, Stack size 4 bytes, main.o(.text.FTM0_CH2_PWM))
<BR><BR>[Stack]<UL><LI>Max Depth = 4<LI>Call Chain = FTM0_CH2_PWM
</UL>
<BR>[Called By]<UL><LI><a href="#[94]">&gt;&gt;</a>&nbsp;&nbsp;&nbsp;main
</UL>

<P><STRONG><a name="[b6]"></a>FTM_init</STRONG> (Thumb, 130 bytes, Stack size 0 bytes, main.o(.text.FTM_init))
<BR><BR>[Called By]<UL><LI><a href="#[94]">&gt;&gt;</a>&nbsp;&nbsp;&nbsp;main
</UL>

<P><STRONG><a name="[3a]"></a>LPIT0_Ch0_IRQHandler</STRONG> (Thumb, 98 bytes, Stack size 0 bytes, main.o(.text.LPIT0_Ch0_IRQHandler))
<BR>[Address Reference Count : 1]<UL><LI> startup_s32k144.o(RESET)
</UL>
<P><STRONG><a name="[3b]"></a>LPIT0_Ch1_IRQHandler</STRONG> (Thumb, 50 bytes, Stack size 0 bytes, main.o(.text.LPIT0_Ch1_IRQHandler))
<BR>[Address Reference Count : 1]<UL><LI> startup_s32k144.o(RESET)
</UL>
<P><STRONG><a name="[3c]"></a>LPIT0_Ch2_IRQHandler</STRONG> (Thumb, 46 bytes, Stack size 0 bytes, main.o(.text.LPIT0_Ch2_IRQHandler))
<BR>[Address Reference Count : 1]<UL><LI> startup_s32k144.o(RESET)
</UL>
<P><STRONG><a name="[3d]"></a>LPIT0_Ch3_IRQHandler</STRONG> (Thumb, 32 bytes, Stack size 0 bytes, main.o(.text.LPIT0_Ch3_IRQHandler))
<BR>[Address Reference Count : 1]<UL><LI> startup_s32k144.o(RESET)
</UL>
<P><STRONG><a name="[b4]"></a>LPIT0_init</STRONG> (Thumb, 148 bytes, Stack size 0 bytes, main.o(.text.LPIT0_init))
<BR><BR>[Called By]<UL><LI><a href="#[94]">&gt;&gt;</a>&nbsp;&nbsp;&nbsp;main
</UL>

<P><STRONG><a name="[b3]"></a>NVIC_init_IRQs</STRONG> (Thumb, 106 bytes, Stack size 0 bytes, main.o(.text.NVIC_init_IRQs))
<BR><BR>[Called By]<UL><LI><a href="#[94]">&gt;&gt;</a>&nbsp;&nbsp;&nbsp;main
</UL>

<P><STRONG><a name="[b2]"></a>NormalRUNmode_80MHz</STRONG> (Thumb, 60 bytes, Stack size 0 bytes, clocks_and_modes.o(.text.NormalRUNmode_80MHz))
<BR><BR>[Called By]<UL><LI><a href="#[94]">&gt;&gt;</a>&nbsp;&nbsp;&nbsp;main
</UL>

<P><STRONG><a name="[47]"></a>PORTC_IRQHandler</STRONG> (Thumb, 68 bytes, Stack size 0 bytes, main.o(.text.PORTC_IRQHandler))
<BR>[Address Reference Count : 1]<UL><LI> startup_s32k144.o(RESET)
</UL>
<P><STRONG><a name="[af]"></a>PORT_init</STRONG> (Thumb, 314 bytes, Stack size 0 bytes, main.o(.text.PORT_init))
<BR><BR>[Called By]<UL><LI><a href="#[94]">&gt;&gt;</a>&nbsp;&nbsp;&nbsp;main
</UL>

<P><STRONG><a name="[9f]"></a>R2D</STRONG> (Thumb, 72 bytes, Stack size 16 bytes, main.o(.text.R2D))
<BR><BR>[Stack]<UL><LI>Max Depth = 48<LI>Call Chain = R2D &rArr; __aeabi_dmul
</UL>
<BR>[Calls]<UL><LI><a href="#[a0]">&gt;&gt;</a>&nbsp;&nbsp;&nbsp;__aeabi_dmul
<LI><a href="#[a1]">&gt;&gt;</a>&nbsp;&nbsp;&nbsp;__aeabi_ddiv
</UL>
<BR>[Called By]<UL><LI><a href="#[94]">&gt;&gt;</a>&nbsp;&nbsp;&nbsp;main
<LI><a href="#[be]">&gt;&gt;</a>&nbsp;&nbsp;&nbsp;trajectory_generator
</UL>

<P><STRONG><a name="[b0]"></a>SOSC_init_8MHz</STRONG> (Thumb, 84 bytes, Stack size 0 bytes, clocks_and_modes.o(.text.SOSC_init_8MHz))
<BR><BR>[Called By]<UL><LI><a href="#[94]">&gt;&gt;</a>&nbsp;&nbsp;&nbsp;main
</UL>

<P><STRONG><a name="[b1]"></a>SPLL_init_160MHz</STRONG> (Thumb, 132 bytes, Stack size 0 bytes, clocks_and_modes.o(.text.SPLL_init_160MHz))
<BR><BR>[Called By]<UL><LI><a href="#[94]">&gt;&gt;</a>&nbsp;&nbsp;&nbsp;main
</UL>

<P><STRONG><a name="[b7]"></a>Seg_out</STRONG> (Thumb, 886 bytes, Stack size 8 bytes, main.o(.text.Seg_out))
<BR><BR>[Stack]<UL><LI>Max Depth = 8<LI>Call Chain = Seg_out
</UL>
<BR>[Called By]<UL><LI><a href="#[94]">&gt;&gt;</a>&nbsp;&nbsp;&nbsp;main
</UL>

<P><STRONG><a name="[86]"></a>SystemInit</STRONG> (Thumb, 82 bytes, Stack size 0 bytes, system_s32k144.o(.text.SystemInit))
<BR>[Address Reference Count : 1]<UL><LI> startup_s32k144.o(.text)
</UL>
<P><STRONG><a name="[ae]"></a>WDOG_disable</STRONG> (Thumb, 48 bytes, Stack size 0 bytes, main.o(.text.WDOG_disable))
<BR><BR>[Called By]<UL><LI><a href="#[94]">&gt;&gt;</a>&nbsp;&nbsp;&nbsp;main
</UL>

<P><STRONG><a name="[b9]"></a>adc_complete</STRONG> (Thumb, 16 bytes, Stack size 0 bytes, adc.o(.text.adc_complete))
<BR><BR>[Called By]<UL><LI><a href="#[94]">&gt;&gt;</a>&nbsp;&nbsp;&nbsp;main
</UL>

<P><STRONG><a name="[a2]"></a>cal_gimbal_angle</STRONG> (Thumb, 272 bytes, Stack size 48 bytes, main.o(.text.cal_gimbal_angle))
<BR><BR>[Stack]<UL><LI>Max Depth = 208<LI>Call Chain = cal_gimbal_angle &rArr; __hardfp_asin &rArr; sqrt &rArr; _dsqrt &rArr; __fpl_dnaninf
</UL>
<BR>[Calls]<UL><LI><a href="#[a5]">&gt;&gt;</a>&nbsp;&nbsp;&nbsp;__hardfp_asin
<LI><a href="#[a0]">&gt;&gt;</a>&nbsp;&nbsp;&nbsp;__aeabi_dmul
<LI><a href="#[a1]">&gt;&gt;</a>&nbsp;&nbsp;&nbsp;__aeabi_ddiv
<LI><a href="#[a3]">&gt;&gt;</a>&nbsp;&nbsp;&nbsp;__aeabi_dcmple
<LI><a href="#[a4]">&gt;&gt;</a>&nbsp;&nbsp;&nbsp;__aeabi_dcmpge
</UL>
<BR>[Called By]<UL><LI><a href="#[94]">&gt;&gt;</a>&nbsp;&nbsp;&nbsp;main
</UL>

<P><STRONG><a name="[a6]"></a>cal_torque</STRONG> (Thumb, 48 bytes, Stack size 32 bytes, main.o(.text.cal_torque))
<BR><BR>[Stack]<UL><LI>Max Depth = 64<LI>Call Chain = cal_torque &rArr; __aeabi_dmul
</UL>
<BR>[Calls]<UL><LI><a href="#[a0]">&gt;&gt;</a>&nbsp;&nbsp;&nbsp;__aeabi_dmul
</UL>
<BR>[Called By]<UL><LI><a href="#[94]">&gt;&gt;</a>&nbsp;&nbsp;&nbsp;main
</UL>

<P><STRONG><a name="[b8]"></a>convertAdcChan</STRONG> (Thumb, 36 bytes, Stack size 4 bytes, adc.o(.text.convertAdcChan))
<BR><BR>[Stack]<UL><LI>Max Depth = 4<LI>Call Chain = convertAdcChan
</UL>
<BR>[Called By]<UL><LI><a href="#[94]">&gt;&gt;</a>&nbsp;&nbsp;&nbsp;main
</UL>

<P><STRONG><a name="[a7]"></a>difference</STRONG> (Thumb, 64 bytes, Stack size 24 bytes, main.o(.text.difference))
<BR><BR>[Stack]<UL><LI>Max Depth = 56<LI>Call Chain = difference &rArr; __aeabi_ddiv
</UL>
<BR>[Calls]<UL><LI><a href="#[a1]">&gt;&gt;</a>&nbsp;&nbsp;&nbsp;__aeabi_ddiv
<LI><a href="#[a8]">&gt;&gt;</a>&nbsp;&nbsp;&nbsp;__aeabi_dsub
</UL>
<BR>[Called By]<UL><LI><a href="#[c0]">&gt;&gt;</a>&nbsp;&nbsp;&nbsp;pid_controller
</UL>

<P><STRONG><a name="[87]"></a>init_data_bss</STRONG> (Thumb, 160 bytes, Stack size 20 bytes, startup.o(.text.init_data_bss))
<BR><BR>[Stack]<UL><LI>Max Depth = 20<LI>Call Chain = init_data_bss
</UL>
<BR>[Address Reference Count : 1]<UL><LI> startup_s32k144.o(.text)
</UL>
<P><STRONG><a name="[a9]"></a>initialize_parameters</STRONG> (Thumb, 520 bytes, Stack size 80 bytes, main.o(.text.initialize_parameters))
<BR><BR>[Stack]<UL><LI>Max Depth = 224<LI>Call Chain = initialize_parameters &rArr; __hardfp_log &rArr; __kernel_poly &rArr; __aeabi_dmul
</UL>
<BR>[Calls]<UL><LI><a href="#[ab]">&gt;&gt;</a>&nbsp;&nbsp;&nbsp;__hardfp_log
<LI><a href="#[a0]">&gt;&gt;</a>&nbsp;&nbsp;&nbsp;__aeabi_dmul
<LI><a href="#[aa]">&gt;&gt;</a>&nbsp;&nbsp;&nbsp;__aeabi_i2d
<LI><a href="#[a1]">&gt;&gt;</a>&nbsp;&nbsp;&nbsp;__aeabi_ddiv
<LI><a href="#[a8]">&gt;&gt;</a>&nbsp;&nbsp;&nbsp;__aeabi_dsub
<LI><a href="#[ac]">&gt;&gt;</a>&nbsp;&nbsp;&nbsp;__aeabi_dadd
</UL>
<BR>[Called By]<UL><LI><a href="#[94]">&gt;&gt;</a>&nbsp;&nbsp;&nbsp;main
</UL>

<P><STRONG><a name="[ad]"></a>integrate</STRONG> (Thumb, 96 bytes, Stack size 40 bytes, main.o(.text.integrate))
<BR><BR>[Stack]<UL><LI>Max Depth = 72<LI>Call Chain = integrate &rArr; __aeabi_dmul
</UL>
<BR>[Calls]<UL><LI><a href="#[a0]">&gt;&gt;</a>&nbsp;&nbsp;&nbsp;__aeabi_dmul
<LI><a href="#[a1]">&gt;&gt;</a>&nbsp;&nbsp;&nbsp;__aeabi_ddiv
<LI><a href="#[ac]">&gt;&gt;</a>&nbsp;&nbsp;&nbsp;__aeabi_dadd
</UL>
<BR>[Called By]<UL><LI><a href="#[c3]">&gt;&gt;</a>&nbsp;&nbsp;&nbsp;plant
<LI><a href="#[be]">&gt;&gt;</a>&nbsp;&nbsp;&nbsp;trajectory_generator
<LI><a href="#[bd]">&gt;&gt;</a>&nbsp;&nbsp;&nbsp;velocity_calculator
</UL>

<P><STRONG><a name="[94]"></a>main</STRONG> (Thumb, 2120 bytes, Stack size 120 bytes, main.o(.text.main))
<BR><BR>[Stack]<UL><LI>Max Depth = 392<LI>Call Chain = main &rArr; plant &rArr; __hardfp_sin &rArr; __ieee754_rem_pio2 &rArr; __aeabi_dmul
</UL>
<BR>[Calls]<UL><LI><a href="#[a0]">&gt;&gt;</a>&nbsp;&nbsp;&nbsp;__aeabi_dmul
<LI><a href="#[aa]">&gt;&gt;</a>&nbsp;&nbsp;&nbsp;__aeabi_i2d
<LI><a href="#[c4]">&gt;&gt;</a>&nbsp;&nbsp;&nbsp;__aeabi_d2iz
<LI><a href="#[bb]">&gt;&gt;</a>&nbsp;&nbsp;&nbsp;__aeabi_dcmplt
<LI><a href="#[a8]">&gt;&gt;</a>&nbsp;&nbsp;&nbsp;__aeabi_dsub
<LI><a href="#[ac]">&gt;&gt;</a>&nbsp;&nbsp;&nbsp;__aeabi_dadd
<LI><a href="#[ba]">&gt;&gt;</a>&nbsp;&nbsp;&nbsp;read_adc_chx
<LI><a href="#[b9]">&gt;&gt;</a>&nbsp;&nbsp;&nbsp;adc_complete
<LI><a href="#[b8]">&gt;&gt;</a>&nbsp;&nbsp;&nbsp;convertAdcChan
<LI><a href="#[b5]">&gt;&gt;</a>&nbsp;&nbsp;&nbsp;ADC_init
<LI><a href="#[b2]">&gt;&gt;</a>&nbsp;&nbsp;&nbsp;NormalRUNmode_80MHz
<LI><a href="#[b1]">&gt;&gt;</a>&nbsp;&nbsp;&nbsp;SPLL_init_160MHz
<LI><a href="#[b0]">&gt;&gt;</a>&nbsp;&nbsp;&nbsp;SOSC_init_8MHz
<LI><a href="#[bf]">&gt;&gt;</a>&nbsp;&nbsp;&nbsp;whiteNoise
<LI><a href="#[c3]">&gt;&gt;</a>&nbsp;&nbsp;&nbsp;plant
<LI><a href="#[c2]">&gt;&gt;</a>&nbsp;&nbsp;&nbsp;saturation
<LI><a href="#[a2]">&gt;&gt;</a>&nbsp;&nbsp;&nbsp;cal_gimbal_angle
<LI><a href="#[a6]">&gt;&gt;</a>&nbsp;&nbsp;&nbsp;cal_torque
<LI><a href="#[c1]">&gt;&gt;</a>&nbsp;&nbsp;&nbsp;mass_moment_of_inertia
<LI><a href="#[c0]">&gt;&gt;</a>&nbsp;&nbsp;&nbsp;pid_controller
<LI><a href="#[be]">&gt;&gt;</a>&nbsp;&nbsp;&nbsp;trajectory_generator
<LI><a href="#[9f]">&gt;&gt;</a>&nbsp;&nbsp;&nbsp;R2D
<LI><a href="#[bd]">&gt;&gt;</a>&nbsp;&nbsp;&nbsp;velocity_calculator
<LI><a href="#[bc]">&gt;&gt;</a>&nbsp;&nbsp;&nbsp;propellent_update
<LI><a href="#[a9]">&gt;&gt;</a>&nbsp;&nbsp;&nbsp;initialize_parameters
<LI><a href="#[c6]">&gt;&gt;</a>&nbsp;&nbsp;&nbsp;reset_dot
<LI><a href="#[b7]">&gt;&gt;</a>&nbsp;&nbsp;&nbsp;Seg_out
<LI><a href="#[c5]">&gt;&gt;</a>&nbsp;&nbsp;&nbsp;FTM0_CH2_PWM
<LI><a href="#[b6]">&gt;&gt;</a>&nbsp;&nbsp;&nbsp;FTM_init
<LI><a href="#[ae]">&gt;&gt;</a>&nbsp;&nbsp;&nbsp;WDOG_disable
<LI><a href="#[b4]">&gt;&gt;</a>&nbsp;&nbsp;&nbsp;LPIT0_init
<LI><a href="#[af]">&gt;&gt;</a>&nbsp;&nbsp;&nbsp;PORT_init
<LI><a href="#[b3]">&gt;&gt;</a>&nbsp;&nbsp;&nbsp;NVIC_init_IRQs
</UL>
<BR>[Called By]<UL><LI><a href="#[93]">&gt;&gt;</a>&nbsp;&nbsp;&nbsp;__rt_entry_main
</UL>

<P><STRONG><a name="[c1]"></a>mass_moment_of_inertia</STRONG> (Thumb, 160 bytes, Stack size 40 bytes, main.o(.text.mass_moment_of_inertia))
<BR><BR>[Stack]<UL><LI>Max Depth = 72<LI>Call Chain = mass_moment_of_inertia &rArr; __aeabi_dmul
</UL>
<BR>[Calls]<UL><LI><a href="#[a0]">&gt;&gt;</a>&nbsp;&nbsp;&nbsp;__aeabi_dmul
<LI><a href="#[a8]">&gt;&gt;</a>&nbsp;&nbsp;&nbsp;__aeabi_dsub
</UL>
<BR>[Called By]<UL><LI><a href="#[94]">&gt;&gt;</a>&nbsp;&nbsp;&nbsp;main
</UL>

<P><STRONG><a name="[c0]"></a>pid_controller</STRONG> (Thumb, 238 bytes, Stack size 80 bytes, main.o(.text.pid_controller))
<BR><BR>[Stack]<UL><LI>Max Depth = 136<LI>Call Chain = pid_controller &rArr; difference &rArr; __aeabi_ddiv
</UL>
<BR>[Calls]<UL><LI><a href="#[a0]">&gt;&gt;</a>&nbsp;&nbsp;&nbsp;__aeabi_dmul
<LI><a href="#[a8]">&gt;&gt;</a>&nbsp;&nbsp;&nbsp;__aeabi_dsub
<LI><a href="#[ac]">&gt;&gt;</a>&nbsp;&nbsp;&nbsp;__aeabi_dadd
<LI><a href="#[a7]">&gt;&gt;</a>&nbsp;&nbsp;&nbsp;difference
</UL>
<BR>[Called By]<UL><LI><a href="#[94]">&gt;&gt;</a>&nbsp;&nbsp;&nbsp;main
</UL>

<P><STRONG><a name="[c3]"></a>plant</STRONG> (Thumb, 464 bytes, Stack size 88 bytes, main.o(.text.plant))
<BR><BR>[Stack]<UL><LI>Max Depth = 272<LI>Call Chain = plant &rArr; __hardfp_sin &rArr; __ieee754_rem_pio2 &rArr; __aeabi_dmul
</UL>
<BR>[Calls]<UL><LI><a href="#[c7]">&gt;&gt;</a>&nbsp;&nbsp;&nbsp;__hardfp_sin
<LI><a href="#[a0]">&gt;&gt;</a>&nbsp;&nbsp;&nbsp;__aeabi_dmul
<LI><a href="#[a1]">&gt;&gt;</a>&nbsp;&nbsp;&nbsp;__aeabi_ddiv
<LI><a href="#[a8]">&gt;&gt;</a>&nbsp;&nbsp;&nbsp;__aeabi_dsub
<LI><a href="#[ac]">&gt;&gt;</a>&nbsp;&nbsp;&nbsp;__aeabi_dadd
<LI><a href="#[ad]">&gt;&gt;</a>&nbsp;&nbsp;&nbsp;integrate
</UL>
<BR>[Called By]<UL><LI><a href="#[94]">&gt;&gt;</a>&nbsp;&nbsp;&nbsp;main
</UL>

<P><STRONG><a name="[bc]"></a>propellent_update</STRONG> (Thumb, 104 bytes, Stack size 24 bytes, main.o(.text.propellent_update))
<BR><BR>[Stack]<UL><LI>Max Depth = 56<LI>Call Chain = propellent_update &rArr; __aeabi_dmul
</UL>
<BR>[Calls]<UL><LI><a href="#[a0]">&gt;&gt;</a>&nbsp;&nbsp;&nbsp;__aeabi_dmul
<LI><a href="#[ac]">&gt;&gt;</a>&nbsp;&nbsp;&nbsp;__aeabi_dadd
</UL>
<BR>[Called By]<UL><LI><a href="#[94]">&gt;&gt;</a>&nbsp;&nbsp;&nbsp;main
</UL>

<P><STRONG><a name="[ba]"></a>read_adc_chx</STRONG> (Thumb, 56 bytes, Stack size 4 bytes, adc.o(.text.read_adc_chx))
<BR><BR>[Stack]<UL><LI>Max Depth = 4<LI>Call Chain = read_adc_chx
</UL>
<BR>[Called By]<UL><LI><a href="#[94]">&gt;&gt;</a>&nbsp;&nbsp;&nbsp;main
</UL>

<P><STRONG><a name="[c6]"></a>reset_dot</STRONG> (Thumb, 64 bytes, Stack size 0 bytes, main.o(.text.reset_dot))
<BR><BR>[Called By]<UL><LI><a href="#[94]">&gt;&gt;</a>&nbsp;&nbsp;&nbsp;main
</UL>

<P><STRONG><a name="[c2]"></a>saturation</STRONG> (Thumb, 104 bytes, Stack size 16 bytes, main.o(.text.saturation))
<BR><BR>[Stack]<UL><LI>Max Depth = 24<LI>Call Chain = saturation &rArr; __aeabi_dcmple
</UL>
<BR>[Calls]<UL><LI><a href="#[a3]">&gt;&gt;</a>&nbsp;&nbsp;&nbsp;__aeabi_dcmple
<LI><a href="#[a4]">&gt;&gt;</a>&nbsp;&nbsp;&nbsp;__aeabi_dcmpge
</UL>
<BR>[Called By]<UL><LI><a href="#[94]">&gt;&gt;</a>&nbsp;&nbsp;&nbsp;main
</UL>

<P><STRONG><a name="[be]"></a>trajectory_generator</STRONG> (Thumb, 344 bytes, Stack size 80 bytes, main.o(.text.trajectory_generator))
<BR><BR>[Stack]<UL><LI>Max Depth = 152<LI>Call Chain = trajectory_generator &rArr; integrate &rArr; __aeabi_dmul
</UL>
<BR>[Calls]<UL><LI><a href="#[a0]">&gt;&gt;</a>&nbsp;&nbsp;&nbsp;__aeabi_dmul
<LI><a href="#[a1]">&gt;&gt;</a>&nbsp;&nbsp;&nbsp;__aeabi_ddiv
<LI><a href="#[a8]">&gt;&gt;</a>&nbsp;&nbsp;&nbsp;__aeabi_dsub
<LI><a href="#[ac]">&gt;&gt;</a>&nbsp;&nbsp;&nbsp;__aeabi_dadd
<LI><a href="#[9f]">&gt;&gt;</a>&nbsp;&nbsp;&nbsp;R2D
<LI><a href="#[ad]">&gt;&gt;</a>&nbsp;&nbsp;&nbsp;integrate
</UL>
<BR>[Called By]<UL><LI><a href="#[94]">&gt;&gt;</a>&nbsp;&nbsp;&nbsp;main
</UL>

<P><STRONG><a name="[bd]"></a>velocity_calculator</STRONG> (Thumb, 112 bytes, Stack size 32 bytes, main.o(.text.velocity_calculator))
<BR><BR>[Stack]<UL><LI>Max Depth = 208<LI>Call Chain = velocity_calculator &rArr; velocity_equation &rArr; __hardfp_log &rArr; __kernel_poly &rArr; __aeabi_dmul
</UL>
<BR>[Calls]<UL><LI><a href="#[ac]">&gt;&gt;</a>&nbsp;&nbsp;&nbsp;__aeabi_dadd
<LI><a href="#[ad]">&gt;&gt;</a>&nbsp;&nbsp;&nbsp;integrate
<LI><a href="#[c8]">&gt;&gt;</a>&nbsp;&nbsp;&nbsp;velocity_equation
</UL>
<BR>[Called By]<UL><LI><a href="#[94]">&gt;&gt;</a>&nbsp;&nbsp;&nbsp;main
</UL>

<P><STRONG><a name="[c8]"></a>velocity_equation</STRONG> (Thumb, 160 bytes, Stack size 32 bytes, main.o(.text.velocity_equation))
<BR><BR>[Stack]<UL><LI>Max Depth = 176<LI>Call Chain = velocity_equation &rArr; __hardfp_log &rArr; __kernel_poly &rArr; __aeabi_dmul
</UL>
<BR>[Calls]<UL><LI><a href="#[ab]">&gt;&gt;</a>&nbsp;&nbsp;&nbsp;__hardfp_log
<LI><a href="#[a0]">&gt;&gt;</a>&nbsp;&nbsp;&nbsp;__aeabi_dmul
<LI><a href="#[a1]">&gt;&gt;</a>&nbsp;&nbsp;&nbsp;__aeabi_ddiv
<LI><a href="#[a8]">&gt;&gt;</a>&nbsp;&nbsp;&nbsp;__aeabi_dsub
</UL>
<BR>[Called By]<UL><LI><a href="#[bd]">&gt;&gt;</a>&nbsp;&nbsp;&nbsp;velocity_calculator
</UL>

<P><STRONG><a name="[bf]"></a>whiteNoise</STRONG> (Thumb, 88 bytes, Stack size 24 bytes, main.o(.text.whiteNoise))
<BR><BR>[Stack]<UL><LI>Max Depth = 56<LI>Call Chain = whiteNoise &rArr; __aeabi_dmul
</UL>
<BR>[Calls]<UL><LI><a href="#[a0]">&gt;&gt;</a>&nbsp;&nbsp;&nbsp;__aeabi_dmul
<LI><a href="#[aa]">&gt;&gt;</a>&nbsp;&nbsp;&nbsp;__aeabi_i2d
<LI><a href="#[a1]">&gt;&gt;</a>&nbsp;&nbsp;&nbsp;__aeabi_ddiv
<LI><a href="#[c9]">&gt;&gt;</a>&nbsp;&nbsp;&nbsp;rand
</UL>
<BR>[Called By]<UL><LI><a href="#[94]">&gt;&gt;</a>&nbsp;&nbsp;&nbsp;main
</UL>

<P><STRONG><a name="[cc]"></a>__ARM_fpclassify</STRONG> (Thumb, 48 bytes, Stack size 8 bytes, fpclassify.o(i.__ARM_fpclassify))
<BR><BR>[Stack]<UL><LI>Max Depth = 8<LI>Call Chain = __ARM_fpclassify
</UL>
<BR>[Called By]<UL><LI><a href="#[d7]">&gt;&gt;</a>&nbsp;&nbsp;&nbsp;__kernel_sin
<LI><a href="#[a5]">&gt;&gt;</a>&nbsp;&nbsp;&nbsp;__hardfp_asin
</UL>

<P><STRONG><a name="[a5]"></a>__hardfp_asin</STRONG> (Thumb, 770 bytes, Stack size 88 bytes, asin.o(i.__hardfp_asin))
<BR><BR>[Stack]<UL><LI>Max Depth = 160<LI>Call Chain = __hardfp_asin &rArr; sqrt &rArr; _dsqrt &rArr; __fpl_dnaninf
</UL>
<BR>[Calls]<UL><LI><a href="#[d1]">&gt;&gt;</a>&nbsp;&nbsp;&nbsp;sqrt
<LI><a href="#[ce]">&gt;&gt;</a>&nbsp;&nbsp;&nbsp;__kernel_poly
<LI><a href="#[cc]">&gt;&gt;</a>&nbsp;&nbsp;&nbsp;__ARM_fpclassify
<LI><a href="#[cf]">&gt;&gt;</a>&nbsp;&nbsp;&nbsp;fabs
<LI><a href="#[cd]">&gt;&gt;</a>&nbsp;&nbsp;&nbsp;__mathlib_dbl_underflow
<LI><a href="#[cb]">&gt;&gt;</a>&nbsp;&nbsp;&nbsp;__mathlib_dbl_invalid
<LI><a href="#[ca]">&gt;&gt;</a>&nbsp;&nbsp;&nbsp;__mathlib_dbl_infnan
<LI><a href="#[d2]">&gt;&gt;</a>&nbsp;&nbsp;&nbsp;__aeabi_dneg
<LI><a href="#[9d]">&gt;&gt;</a>&nbsp;&nbsp;&nbsp;__set_errno
<LI><a href="#[a0]">&gt;&gt;</a>&nbsp;&nbsp;&nbsp;__aeabi_dmul
<LI><a href="#[a1]">&gt;&gt;</a>&nbsp;&nbsp;&nbsp;__aeabi_ddiv
<LI><a href="#[a8]">&gt;&gt;</a>&nbsp;&nbsp;&nbsp;__aeabi_dsub
<LI><a href="#[d0]">&gt;&gt;</a>&nbsp;&nbsp;&nbsp;__aeabi_drsub
<LI><a href="#[ac]">&gt;&gt;</a>&nbsp;&nbsp;&nbsp;__aeabi_dadd
</UL>
<BR>[Called By]<UL><LI><a href="#[a2]">&gt;&gt;</a>&nbsp;&nbsp;&nbsp;cal_gimbal_angle
</UL>

<P><STRONG><a name="[ab]"></a>__hardfp_log</STRONG> (Thumb, 872 bytes, Stack size 88 bytes, log.o(i.__hardfp_log))
<BR><BR>[Stack]<UL><LI>Max Depth = 144<LI>Call Chain = __hardfp_log &rArr; __kernel_poly &rArr; __aeabi_dmul
</UL>
<BR>[Calls]<UL><LI><a href="#[ce]">&gt;&gt;</a>&nbsp;&nbsp;&nbsp;__kernel_poly
<LI><a href="#[cb]">&gt;&gt;</a>&nbsp;&nbsp;&nbsp;__mathlib_dbl_invalid
<LI><a href="#[ca]">&gt;&gt;</a>&nbsp;&nbsp;&nbsp;__mathlib_dbl_infnan
<LI><a href="#[d3]">&gt;&gt;</a>&nbsp;&nbsp;&nbsp;__mathlib_dbl_divzero
<LI><a href="#[d4]">&gt;&gt;</a>&nbsp;&nbsp;&nbsp;__aeabi_cdcmpeq
<LI><a href="#[d2]">&gt;&gt;</a>&nbsp;&nbsp;&nbsp;__aeabi_dneg
<LI><a href="#[9d]">&gt;&gt;</a>&nbsp;&nbsp;&nbsp;__set_errno
<LI><a href="#[a0]">&gt;&gt;</a>&nbsp;&nbsp;&nbsp;__aeabi_dmul
<LI><a href="#[aa]">&gt;&gt;</a>&nbsp;&nbsp;&nbsp;__aeabi_i2d
<LI><a href="#[a1]">&gt;&gt;</a>&nbsp;&nbsp;&nbsp;__aeabi_ddiv
<LI><a href="#[a8]">&gt;&gt;</a>&nbsp;&nbsp;&nbsp;__aeabi_dsub
<LI><a href="#[d0]">&gt;&gt;</a>&nbsp;&nbsp;&nbsp;__aeabi_drsub
<LI><a href="#[ac]">&gt;&gt;</a>&nbsp;&nbsp;&nbsp;__aeabi_dadd
</UL>
<BR>[Called By]<UL><LI><a href="#[c8]">&gt;&gt;</a>&nbsp;&nbsp;&nbsp;velocity_equation
<LI><a href="#[a9]">&gt;&gt;</a>&nbsp;&nbsp;&nbsp;initialize_parameters
</UL>

<P><STRONG><a name="[c7]"></a>__hardfp_sin</STRONG> (Thumb, 180 bytes, Stack size 32 bytes, sin.o(i.__hardfp_sin))
<BR><BR>[Stack]<UL><LI>Max Depth = 184<LI>Call Chain = __hardfp_sin &rArr; __ieee754_rem_pio2 &rArr; __aeabi_dmul
</UL>
<BR>[Calls]<UL><LI><a href="#[d7]">&gt;&gt;</a>&nbsp;&nbsp;&nbsp;__kernel_sin
<LI><a href="#[d5]">&gt;&gt;</a>&nbsp;&nbsp;&nbsp;__ieee754_rem_pio2
<LI><a href="#[cb]">&gt;&gt;</a>&nbsp;&nbsp;&nbsp;__mathlib_dbl_invalid
<LI><a href="#[ca]">&gt;&gt;</a>&nbsp;&nbsp;&nbsp;__mathlib_dbl_infnan
<LI><a href="#[d6]">&gt;&gt;</a>&nbsp;&nbsp;&nbsp;__kernel_cos
<LI><a href="#[d2]">&gt;&gt;</a>&nbsp;&nbsp;&nbsp;__aeabi_dneg
<LI><a href="#[9d]">&gt;&gt;</a>&nbsp;&nbsp;&nbsp;__set_errno
</UL>
<BR>[Called By]<UL><LI><a href="#[c3]">&gt;&gt;</a>&nbsp;&nbsp;&nbsp;plant
</UL>

<P><STRONG><a name="[d5]"></a>__ieee754_rem_pio2</STRONG> (Thumb, 938 bytes, Stack size 120 bytes, rred.o(i.__ieee754_rem_pio2))
<BR><BR>[Stack]<UL><LI>Max Depth = 152<LI>Call Chain = __ieee754_rem_pio2 &rArr; __aeabi_dmul
</UL>
<BR>[Calls]<UL><LI><a href="#[cf]">&gt;&gt;</a>&nbsp;&nbsp;&nbsp;fabs
<LI><a href="#[d2]">&gt;&gt;</a>&nbsp;&nbsp;&nbsp;__aeabi_dneg
<LI><a href="#[a0]">&gt;&gt;</a>&nbsp;&nbsp;&nbsp;__aeabi_dmul
<LI><a href="#[d8]">&gt;&gt;</a>&nbsp;&nbsp;&nbsp;__aeabi_ui2d
<LI><a href="#[aa]">&gt;&gt;</a>&nbsp;&nbsp;&nbsp;__aeabi_i2d
<LI><a href="#[c4]">&gt;&gt;</a>&nbsp;&nbsp;&nbsp;__aeabi_d2iz
<LI><a href="#[a8]">&gt;&gt;</a>&nbsp;&nbsp;&nbsp;__aeabi_dsub
<LI><a href="#[d0]">&gt;&gt;</a>&nbsp;&nbsp;&nbsp;__aeabi_drsub
<LI><a href="#[ac]">&gt;&gt;</a>&nbsp;&nbsp;&nbsp;__aeabi_dadd
</UL>
<BR>[Called By]<UL><LI><a href="#[c7]">&gt;&gt;</a>&nbsp;&nbsp;&nbsp;__hardfp_sin
</UL>

<P><STRONG><a name="[d6]"></a>__kernel_cos</STRONG> (Thumb, 322 bytes, Stack size 64 bytes, cos_i.o(i.__kernel_cos))
<BR><BR>[Stack]<UL><LI>Max Depth = 120<LI>Call Chain = __kernel_cos &rArr; __kernel_poly &rArr; __aeabi_dmul
</UL>
<BR>[Calls]<UL><LI><a href="#[ce]">&gt;&gt;</a>&nbsp;&nbsp;&nbsp;__kernel_poly
<LI><a href="#[a0]">&gt;&gt;</a>&nbsp;&nbsp;&nbsp;__aeabi_dmul
<LI><a href="#[c4]">&gt;&gt;</a>&nbsp;&nbsp;&nbsp;__aeabi_d2iz
<LI><a href="#[a8]">&gt;&gt;</a>&nbsp;&nbsp;&nbsp;__aeabi_dsub
<LI><a href="#[d0]">&gt;&gt;</a>&nbsp;&nbsp;&nbsp;__aeabi_drsub
</UL>
<BR>[Called By]<UL><LI><a href="#[c7]">&gt;&gt;</a>&nbsp;&nbsp;&nbsp;__hardfp_sin
</UL>

[...]
</UL>
<BR>[Calls]<UL><LI><a href="#[ce]">&gt;&gt;</a>&nbsp;&nbsp;&nbsp;__kernel_poly
<LI><a href="#[cc]">&gt;&gt;</a>&nbsp;&nbsp;&nbsp;__ARM_fpclassify
<LI><a href="#[cd]">&gt;&gt;</a>&nbsp;&nbsp;&nbsp;__mathlib_dbl_underflow
<LI><a href="#[a0]">&gt;&gt;</a>&nbsp;&nbsp;&nbsp;__aeabi_dmul
<LI><a href="#[a8]">&gt;&gt;</a>&nbsp;&nbsp;&nbsp;__aeabi_dsub
<LI><a href="#[d0]">&gt;&gt;</a>&nbsp;&nbsp;&nbsp;__aeabi_drsub
<LI><a href="#[ac]">&gt;&gt;</a>&nbsp;&nbsp;&nbsp;__aeabi_dadd
</UL>
<BR>[Called By]<UL><LI><a href="#[c7]">&gt;&gt;</a>&nbsp;&nbsp;&nbsp;__hardfp_sin
</UL>

<P><STRONG><a name="[d3]"></a>__mathlib_dbl_divzero</STRONG> (Thumb, 28 bytes, Stack size 8 bytes, dunder.o(i.__mathlib_dbl_divzero))
<BR><BR>[Stack]<UL><LI>Max Depth = 40<LI>Call Chain = __mathlib_dbl_divzero &rArr; __aeabi_ddiv
</UL>
<BR>[Calls]<UL><LI><a href="#[a1]">&gt;&gt;</a>&nbsp;&nbsp;&nbsp;__aeabi_ddiv
</UL>
<BR>[Called By]<UL><LI><a href="#[ab]">&gt;&gt;</a>&nbsp;&nbsp;&nbsp;__hardfp_log
</UL>

<P><STRONG><a name="[ca]"></a>__mathlib_dbl_infnan</STRONG> (Thumb, 20 bytes, Stack size 8 bytes, dunder.o(i.__mathlib_dbl_infnan))
<BR><BR>[Stack]<UL><LI>Max Depth = 24<LI>Call Chain = __mathlib_dbl_infnan &rArr; __aeabi_dadd
</UL>
<BR>[Calls]<UL><LI><a href="#[ac]">&gt;&gt;</a>&nbsp;&nbsp;&nbsp;__aeabi_dadd
</UL>
<BR>[Called By]<UL><LI><a href="#[c7]">&gt;&gt;</a>&nbsp;&nbsp;&nbsp;__hardfp_sin
<LI><a href="#[ab]">&gt;&gt;</a>&nbsp;&nbsp;&nbsp;__hardfp_log
<LI><a href="#[a5]">&gt;&gt;</a>&nbsp;&nbsp;&nbsp;__hardfp_asin
</UL>

<P><STRONG><a name="[cb]"></a>__mathlib_dbl_invalid</STRONG> (Thumb, 24 bytes, Stack size 8 bytes, dunder.o(i.__mathlib_dbl_invalid))
<BR><BR>[Stack]<UL><LI>Max Depth = 40<LI>Call Chain = __mathlib_dbl_invalid &rArr; __aeabi_ddiv
</UL>
<BR>[Calls]<UL><LI><a href="#[a1]">&gt;&gt;</a>&nbsp;&nbsp;&nbsp;__aeabi_ddiv
</UL>
<BR>[Called By]<UL><LI><a href="#[c7]">&gt;&gt;</a>&nbsp;&nbsp;&nbsp;__hardfp_sin
<LI><a href="#[ab]">&gt;&gt;</a>&nbsp;&nbsp;&nbsp;__hardfp_log
<LI><a href="#[a5]">&gt;&gt;</a>&nbsp;&nbsp;&nbsp;__hardfp_asin
</UL>

<P><STRONG><a name="[cd]"></a>__mathlib_dbl_underflow</STRONG> (Thumb, 24 bytes, Stack size 8 bytes, dunder.o(i.__mathlib_dbl_underflow))
<BR><BR>[Stack]<UL><LI>Max Depth = 40<LI>Call Chain = __mathlib_dbl_underflow &rArr; __aeabi_dmul
</UL>
<BR>[Calls]<UL><LI><a href="#[a0]">&gt;&gt;</a>&nbsp;&nbsp;&nbsp;__aeabi_dmul
</UL>
<BR>[Called By]<UL><LI><a href="#[d7]">&gt;&gt;</a>&nbsp;&nbsp;&nbsp;__kernel_sin
<LI><a href="#[a5]">&gt;&gt;</a>&nbsp;&nbsp;&nbsp;__hardfp_asin
</UL>

<P><STRONG><a name="[cf]"></a>fabs</STRONG> (Thumb, 24 bytes, Stack size 8 bytes, fabs.o(i.fabs))
<BR><BR>[Stack]<UL><LI>Max Depth = 8<LI>Call Chain = fabs
</UL>
<BR>[Called By]<UL><LI><a href="#[d5]">&gt;&gt;</a>&nbsp;&nbsp;&nbsp;__ieee754_rem_pio2
<LI><a href="#[a5]">&gt;&gt;</a>&nbsp;&nbsp;&nbsp;__hardfp_asin
</UL>

<P><STRONG><a name="[d1]"></a>sqrt</STRONG> (Thumb, 110 bytes, Stack size 32 bytes, sqrt.o(i.sqrt))
<BR><BR>[Stack]<UL><LI>Max Depth = 72<LI>Call Chain = sqrt &rArr; _dsqrt &rArr; __fpl_dnaninf
</UL>
<BR>[Calls]<UL><LI><a href="#[d9]">&gt;&gt;</a>&nbsp;&nbsp;&nbsp;_dsqrt
<LI><a href="#[9d]">&gt;&gt;</a>&nbsp;&nbsp;&nbsp;__set_errno
</UL>
<BR>[Called By]<UL><LI><a href="#[a5]">&gt;&gt;</a>&nbsp;&nbsp;&nbsp;__hardfp_asin
</UL>

<P><STRONG><a name="[d2]"></a>__aeabi_dneg</STRONG> (Thumb, 0 bytes, Stack size 0 bytes, basic.o(x$fpl$basic))
<BR><BR>[Called By]<UL><LI><a href="#[d5]">&gt;&gt;</a>&nbsp;&nbsp;&nbsp;__ieee754_rem_pio2
<LI><a href="#[c7]">&gt;&gt;</a>&nbsp;&nbsp;&nbsp;__hardfp_sin
<LI><a href="#[ab]">&gt;&gt;</a>&nbsp;&nbsp;&nbsp;__hardfp_log
<LI><a href="#[a5]">&gt;&gt;</a>&nbsp;&nbsp;&nbsp;__hardfp_asin
</UL>

<P><STRONG><a name="[117]"></a>_dneg</STRONG> (Thumb, 6 bytes, Stack size 0 bytes, basic.o(x$fpl$basic), UNUSED)

<P><STRONG><a name="[118]"></a>__aeabi_fneg</STRONG> (Thumb, 0 bytes, Stack size 0 bytes, basic.o(x$fpl$basic), UNUSED)

<P><STRONG><a name="[119]"></a>_fneg</STRONG> (Thumb, 6 bytes, Stack size 0 bytes, basic.o(x$fpl$basic), UNUSED)

<P><STRONG><a name="[11a]"></a>_dabs</STRONG> (Thumb, 6 bytes, Stack size 0 bytes, basic.o(x$fpl$basic), UNUSED)

<P><STRONG><a name="[11b]"></a>_fabs</STRONG> (Thumb, 6 bytes, Stack size 0 bytes, basic.o(x$fpl$basic), UNUSED)

<P><STRONG><a name="[ac]"></a>__aeabi_dadd</STRONG> (Thumb, 0 bytes, Stack size 16 bytes, daddsub_clz.o(x$fpl$dadd))
<BR><BR>[Stack]<UL><LI>Max Depth = 16<LI>Call Chain = __aeabi_dadd
</UL>
<BR>[Called By]<UL><LI><a href="#[d7]">&gt;&gt;</a>&nbsp;&nbsp;&nbsp;__kernel_sin
<LI><a href="#[d5]">&gt;&gt;</a>&nbsp;&nbsp;&nbsp;__ieee754_rem_pio2
<LI><a href="#[ce]">&gt;&gt;</a>&nbsp;&nbsp;&nbsp;__kernel_poly
<LI><a href="#[ca]">&gt;&gt;</a>&nbsp;&nbsp;&nbsp;__mathlib_dbl_infnan
<LI><a href="#[ab]">&gt;&gt;</a>&nbsp;&nbsp;&nbsp;__hardfp_log
<LI><a href="#[a5]">&gt;&gt;</a>&nbsp;&nbsp;&nbsp;__hardfp_asin
<LI><a href="#[94]">&gt;&gt;</a>&nbsp;&nbsp;&nbsp;main
<LI><a href="#[c3]">&gt;&gt;</a>&nbsp;&nbsp;&nbsp;plant
<LI><a href="#[c0]">&gt;&gt;</a>&nbsp;&nbsp;&nbsp;pid_controller
<LI><a href="#[be]">&gt;&gt;</a>&nbsp;&nbsp;&nbsp;trajectory_generator
<LI><a href="#[bd]">&gt;&gt;</a>&nbsp;&nbsp;&nbsp;velocity_calculator
<LI><a href="#[bc]">&gt;&gt;</a>&nbsp;&nbsp;&nbsp;propellent_update
<LI><a href="#[ad]">&gt;&gt;</a>&nbsp;&nbsp;&nbsp;integrate
<LI><a href="#[a9]">&gt;&gt;</a>&nbsp;&nbsp;&nbsp;initialize_parameters
</UL>

<P><STRONG><a name="[da]"></a>_dadd</STRONG> (Thumb, 332 bytes, Stack size 16 bytes, daddsub_clz.o(x$fpl$dadd), UNUSED)
<BR><BR>[Calls]<UL><LI><a href="#[dc]">&gt;&gt;</a>&nbsp;&nbsp;&nbsp;__fpl_dretinf
<LI><a href="#[dd]">&gt;&gt;</a>&nbsp;&nbsp;&nbsp;__fpl_dnaninf
<LI><a href="#[db]">&gt;&gt;</a>&nbsp;&nbsp;&nbsp;_dsub1
</UL>

<P><STRONG><a name="[e0]"></a>__fpl_dcmp_Inf</STRONG> (Thumb, 24 bytes, Stack size 0 bytes, dcmpi.o(x$fpl$dcmpinf), UNUSED)
<BR><BR>[Called By]<UL><LI><a href="#[e3]">&gt;&gt;</a>&nbsp;&nbsp;&nbsp;_dcmple
<LI><a href="#[e2]">&gt;&gt;</a>&nbsp;&nbsp;&nbsp;_dcmpge
<LI><a href="#[df]">&gt;&gt;</a>&nbsp;&nbsp;&nbsp;_dcmpeq
</UL>

<P><STRONG><a name="[a1]"></a>__aeabi_ddiv</STRONG> (Thumb, 0 bytes, Stack size 32 bytes, ddiv.o(x$fpl$ddiv))
<BR><BR>[Stack]<UL><LI>Max Depth = 32<LI>Call Chain = __aeabi_ddiv
</UL>
<BR>[Called By]<UL><LI><a href="#[cb]">&gt;&gt;</a>&nbsp;&nbsp;&nbsp;__mathlib_dbl_invalid
<LI><a href="#[d3]">&gt;&gt;</a>&nbsp;&nbsp;&nbsp;__mathlib_dbl_divzero
<LI><a href="#[ab]">&gt;&gt;</a>&nbsp;&nbsp;&nbsp;__hardfp_log
<LI><a href="#[a5]">&gt;&gt;</a>&nbsp;&nbsp;&nbsp;__hardfp_asin
<LI><a href="#[bf]">&gt;&gt;</a>&nbsp;&nbsp;&nbsp;whiteNoise
<LI><a href="#[c3]">&gt;&gt;</a>&nbsp;&nbsp;&nbsp;plant
<LI><a href="#[a2]">&gt;&gt;</a>&nbsp;&nbsp;&nbsp;cal_gimbal_angle
<LI><a href="#[a7]">&gt;&gt;</a>&nbsp;&nbsp;&nbsp;difference
<LI><a href="#[be]">&gt;&gt;</a>&nbsp;&nbsp;&nbsp;trajectory_generator
<LI><a href="#[9f]">&gt;&gt;</a>&nbsp;&nbsp;&nbsp;R2D
<LI><a href="#[ad]">&gt;&gt;</a>&nbsp;&nbsp;&nbsp;integrate
<LI><a href="#[c8]">&gt;&gt;</a>&nbsp;&nbsp;&nbsp;velocity_equation
<LI><a href="#[a9]">&gt;&gt;</a>&nbsp;&nbsp;&nbsp;initialize_parameters
</UL>

<P><STRONG><a name="[de]"></a>_ddiv</STRONG> (Thumb, 556 bytes, Stack size 32 bytes, ddiv.o(x$fpl$ddiv), UNUSED)
<BR><BR>[Calls]<UL><LI><a href="#[dc]">&gt;&gt;</a>&nbsp;&nbsp;&nbsp;__fpl_dretinf
<LI><a href="#[dd]">&gt;&gt;</a>&nbsp;&nbsp;&nbsp;__fpl_dnaninf
</UL>

<P><STRONG><a name="[d4]"></a>__aeabi_cdcmpeq</STRONG> (Thumb, 0 bytes, Stack size 32 bytes, deqf.o(x$fpl$deqf))
<BR><BR>[Stack]<UL><LI>Max Depth = 32<LI>Call Chain = __aeabi_cdcmpeq
</UL>
<BR>[Called By]<UL><LI><a href="#[ab]">&gt;&gt;</a>&nbsp;&nbsp;&nbsp;__hardfp_log
</UL>

<P><STRONG><a name="[df]"></a>_dcmpeq</STRONG> (Thumb, 120 bytes, Stack size 32 bytes, deqf.o(x$fpl$deqf), UNUSED)
<BR><BR>[Calls]<UL><LI><a href="#[e0]">&gt;&gt;</a>&nbsp;&nbsp;&nbsp;__fpl_dcmp_Inf
<LI><a href="#[dd]">&gt;&gt;</a>&nbsp;&nbsp;&nbsp;__fpl_dnaninf
</UL>
<BR>[Called By]<UL><LI><a href="#[e9]">&gt;&gt;</a>&nbsp;&nbsp;&nbsp;_dneq
<LI><a href="#[e8]">&gt;&gt;</a>&nbsp;&nbsp;&nbsp;_deq
</UL>

<P><STRONG><a name="[c4]"></a>__aeabi_d2iz</STRONG> (Thumb, 0 bytes, Stack size 32 bytes, dfix.o(x$fpl$dfix))
<BR><BR>[Stack]<UL><LI>Max Depth = 32<LI>Call Chain = __aeabi_d2iz
</UL>
<BR>[Called By]<UL><LI><a href="#[d5]">&gt;&gt;</a>&nbsp;&nbsp;&nbsp;__ieee754_rem_pio2
<LI><a href="#[d6]">&gt;&gt;</a>&nbsp;&nbsp;&nbsp;__kernel_cos
<LI><a href="#[94]">&gt;&gt;</a>&nbsp;&nbsp;&nbsp;main
</UL>

<P><STRONG><a name="[e1]"></a>_dfix</STRONG> (Thumb, 94 bytes, Stack size 32 bytes, dfix.o(x$fpl$dfix), UNUSED)
<BR><BR>[Calls]<UL><LI><a href="#[dd]">&gt;&gt;</a>&nbsp;&nbsp;&nbsp;__fpl_dnaninf
</UL>

<P><STRONG><a name="[aa]"></a>__aeabi_i2d</STRONG> (Thumb, 0 bytes, Stack size 0 bytes, dflt_clz.o(x$fpl$dflt))
<BR><BR>[Called By]<UL><LI><a href="#[d5]">&gt;&gt;</a>&nbsp;&nbsp;&nbsp;__ieee754_rem_pio2
<LI><a href="#[ab]">&gt;&gt;</a>&nbsp;&nbsp;&nbsp;__hardfp_log
<LI><a href="#[94]">&gt;&gt;</a>&nbsp;&nbsp;&nbsp;main
<LI><a href="#[bf]">&gt;&gt;</a>&nbsp;&nbsp;&nbsp;whiteNoise
<LI><a href="#[a9]">&gt;&gt;</a>&nbsp;&nbsp;&nbsp;initialize_parameters
</UL>

<P><STRONG><a name="[11c]"></a>_dflt</STRONG> (Thumb, 46 bytes, Stack size 0 bytes, dflt_clz.o(x$fpl$dflt), UNUSED)

<P><STRONG><a name="[d8]"></a>__aeabi_ui2d</STRONG> (Thumb, 0 bytes, Stack size 0 bytes, dflt_clz.o(x$fpl$dfltu))
<BR><BR>[Called By]<UL><LI><a href="#[d5]">&gt;&gt;</a>&nbsp;&nbsp;&nbsp;__ieee754_rem_pio2
</UL>

<P><STRONG><a name="[11d]"></a>_dfltu</STRONG> (Thumb, 38 bytes, Stack size 0 bytes, dflt_clz.o(x$fpl$dfltu), UNUSED)

<P><STRONG><a name="[11e]"></a>__aeabi_cdcmpge</STRONG> (Thumb, 0 bytes, Stack size 32 bytes, dgeqf.o(x$fpl$dgeqf), UNUSED)

<P><STRONG><a name="[e2]"></a>_dcmpge</STRONG> (Thumb, 120 bytes, Stack size 32 bytes, dgeqf.o(x$fpl$dgeqf), UNUSED)
<BR><BR>[Calls]<UL><LI><a href="#[e0]">&gt;&gt;</a>&nbsp;&nbsp;&nbsp;__fpl_dcmp_Inf
<LI><a href="#[dd]">&gt;&gt;</a>&nbsp;&nbsp;&nbsp;__fpl_dnaninf
</UL>
<BR>[Called By]<UL><LI><a href="#[eb]">&gt;&gt;</a>&nbsp;&nbsp;&nbsp;_dgeq
<LI><a href="#[ea]">&gt;&gt;</a>&nbsp;&nbsp;&nbsp;_dgr
</UL>

<P><STRONG><a name="[11f]"></a>__aeabi_cdcmple</STRONG> (Thumb, 0 bytes, Stack size 32 bytes, dleqf.o(x$fpl$dleqf), UNUSED)

<P><STRONG><a name="[e3]"></a>_dcmple</STRONG> (Thumb, 120 bytes, Stack size 32 bytes, dleqf.o(x$fpl$dleqf), UNUSED)
<BR><BR>[Calls]<UL><LI><a href="#[e0]">&gt;&gt;</a>&nbsp;&nbsp;&nbsp;__fpl_dcmp_Inf
<LI><a href="#[dd]">&gt;&gt;</a>&nbsp;&nbsp;&nbsp;__fpl_dnaninf
</UL>
<BR>[Called By]<UL><LI><a href="#[ed]">&gt;&gt;</a>&nbsp;&nbsp;&nbsp;_dls
<LI><a href="#[ec]">&gt;&gt;</a>&nbsp;&nbsp;&nbsp;_dleq
</UL>

<P><STRONG><a name="[120]"></a>__fpl_dcmple_InfNaN</STRONG> (Thumb, 0 bytes, Stack size unknown bytes, dleqf.o(x$fpl$dleqf), UNUSED)

<P><STRONG><a name="[a0]"></a>__aeabi_dmul</STRONG> (Thumb, 0 bytes, Stack size 32 bytes, dmul.o(x$fpl$dmul))
<BR><BR>[Stack]<UL><LI>Max Depth = 32<LI>Call Chain = __aeabi_dmul
</UL>
<BR>[Called By]<UL><LI><a href="#[d7]">&gt;&gt;</a>&nbsp;&nbsp;&nbsp;__kernel_sin
<LI><a href="#[d5]">&gt;&gt;</a>&nbsp;&nbsp;&nbsp;__ieee754_rem_pio2
<LI><a href="#[ce]">&gt;&gt;</a>&nbsp;&nbsp;&nbsp;__kernel_poly
<LI><a href="#[cd]">&gt;&gt;</a>&nbsp;&nbsp;&nbsp;__mathlib_dbl_underflow
<LI><a href="#[d6]">&gt;&gt;</a>&nbsp;&nbsp;&nbsp;__kernel_cos
<LI><a href="#[ab]">&gt;&gt;</a>&nbsp;&nbsp;&nbsp;__hardfp_log
<LI><a href="#[a5]">&gt;&gt;</a>&nbsp;&nbsp;&nbsp;__hardfp_asin
<LI><a href="#[94]">&gt;&gt;</a>&nbsp;&nbsp;&nbsp;main
<LI><a href="#[bf]">&gt;&gt;</a>&nbsp;&nbsp;&nbsp;whiteNoise
<LI><a href="#[c3]">&gt;&gt;</a>&nbsp;&nbsp;&nbsp;plant
<LI><a href="#[a2]">&gt;&gt;</a>&nbsp;&nbsp;&nbsp;cal_gimbal_angle
<LI><a href="#[a6]">&gt;&gt;</a>&nbsp;&nbsp;&nbsp;cal_torque
<LI><a href="#[c1]">&gt;&gt;</a>&nbsp;&nbsp;&nbsp;mass_moment_of_inertia
<LI><a href="#[c0]">&gt;&gt;</a>&nbsp;&nbsp;&nbsp;pid_controller
<LI><a href="#[be]">&gt;&gt;</a>&nbsp;&nbsp;&nbsp;trajectory_generator
<LI><a href="#[9f]">&gt;&gt;</a>&nbsp;&nbsp;&nbsp;R2D
<LI><a href="#[bc]">&gt;&gt;</a>&nbsp;&nbsp;&nbsp;propellent_update
<LI><a href="#[ad]">&gt;&gt;</a>&nbsp;&nbsp;&nbsp;integrate
<LI><a href="#[c8]">&gt;&gt;</a>&nbsp;&nbsp;&nbsp;velocity_equation
<LI><a href="#[a9]">&gt;&gt;</a>&nbsp;&nbsp;&nbsp;initialize_parameters
</UL>

<P><STRONG><a name="[e4]"></a>_dmul</STRONG> (Thumb, 332 bytes, Stack size 32 bytes, dmul.o(x$fpl$dmul), UNUSED)
<BR><BR>[Calls]<UL><LI><a href="#[dc]">&gt;&gt;</a>&nbsp;&nbsp;&nbsp;__fpl_dretinf
<LI><a href="#[dd]">&gt;&gt;</a>&nbsp;&nbsp;&nbsp;__fpl_dnaninf
</UL>

<P><STRONG><a name="[dd]"></a>__fpl_dnaninf</STRONG> (Thumb, 156 bytes, Stack size 16 bytes, dnaninf.o(x$fpl$dnaninf))
<BR><BR>[Stack]<UL><LI>Max Depth = 16<LI>Call Chain = __fpl_dnaninf
</UL>
<BR>[Called By]<UL><LI><a href="#[d9]">&gt;&gt;</a>&nbsp;&nbsp;&nbsp;_dsqrt
<LI><a href="#[e3]">&gt;&gt;</a>&nbsp;&nbsp;&nbsp;_dcmple
<LI><a href="#[e2]">&gt;&gt;</a>&nbsp;&nbsp;&nbsp;_dcmpge
<LI><a href="#[df]">&gt;&gt;</a>&nbsp;&nbsp;&nbsp;_dcmpeq
<LI><a href="#[e4]">&gt;&gt;</a>&nbsp;&nbsp;&nbsp;_dmul
<LI><a href="#[e1]">&gt;&gt;</a>&nbsp;&nbsp;&nbsp;_dfix
<LI><a href="#[de]">&gt;&gt;</a>&nbsp;&nbsp;&nbsp;_ddiv
<LI><a href="#[e7]">&gt;&gt;</a>&nbsp;&nbsp;&nbsp;_dsub
<LI><a href="#[da]">&gt;&gt;</a>&nbsp;&nbsp;&nbsp;_dadd
</UL>

<P><STRONG><a name="[dc]"></a>__fpl_dretinf</STRONG> (Thumb, 12 bytes, Stack size 0 bytes, dretinf.o(x$fpl$dretinf), UNUSED)
<BR><BR>[Called By]<UL><LI><a href="#[e4]">&gt;&gt;</a>&nbsp;&nbsp;&nbsp;_dmul
<LI><a href="#[de]">&gt;&gt;</a>&nbsp;&nbsp;&nbsp;_ddiv
<LI><a href="#[da]">&gt;&gt;</a>&nbsp;&nbsp;&nbsp;_dadd
</UL>

<P><STRONG><a name="[d0]"></a>__aeabi_drsub</STRONG> (Thumb, 0 bytes, Stack size 8 bytes, daddsub_clz.o(x$fpl$drsb))
<BR><BR>[Stack]<UL><LI>Max Depth = 8<LI>Call Chain = __aeabi_drsub
</UL>
<BR>[Called By]<UL><LI><a href="#[d7]">&gt;&gt;</a>&nbsp;&nbsp;&nbsp;__kernel_sin
<LI><a href="#[d5]">&gt;&gt;</a>&nbsp;&nbsp;&nbsp;__ieee754_rem_pio2
<LI><a href="#[d6]">&gt;&gt;</a>&nbsp;&nbsp;&nbsp;__kernel_cos
<LI><a href="#[ab]">&gt;&gt;</a>&nbsp;&nbsp;&nbsp;__hardfp_log
<LI><a href="#[a5]">&gt;&gt;</a>&nbsp;&nbsp;&nbsp;__hardfp_asin
</UL>

<P><STRONG><a name="[e5]"></a>_drsb</STRONG> (Thumb, 22 bytes, Stack size 8 bytes, daddsub_clz.o(x$fpl$drsb), UNUSED)
<BR><BR>[Calls]<UL><LI><a href="#[db]">&gt;&gt;</a>&nbsp;&nbsp;&nbsp;_dsub1
<LI><a href="#[e6]">&gt;&gt;</a>&nbsp;&nbsp;&nbsp;_dadd1
</UL>

<P><STRONG><a name="[d9]"></a>_dsqrt</STRONG> (Thumb, 404 bytes, Stack size 24 bytes, dsqrt_umaal.o(x$fpl$dsqrt))
<BR><BR>[Stack]<UL><LI>Max Depth = 40<LI>Call Chain = _dsqrt &rArr; __fpl_dnaninf
</UL>
<BR>[Calls]<UL><LI><a href="#[dd]">&gt;&gt;</a>&nbsp;&nbsp;&nbsp;__fpl_dnaninf
</UL>
<BR>[Called By]<UL><LI><a href="#[d1]">&gt;&gt;</a>&nbsp;&nbsp;&nbsp;sqrt
</UL>

<P><STRONG><a name="[a8]"></a>__aeabi_dsub</STRONG> (Thumb, 0 bytes, Stack size 32 bytes, daddsub_clz.o(x$fpl$dsub))
<BR><BR>[Stack]<UL><LI>Max Depth = 32<LI>Call Chain = __aeabi_dsub
</UL>
<BR>[Called By]<UL><LI><a href="#[d7]">&gt;&gt;</a>&nbsp;&nbsp;&nbsp;__kernel_sin
<LI><a href="#[d5]">&gt;&gt;</a>&nbsp;&nbsp;&nbsp;__ieee754_rem_pio2
<LI><a href="#[d6]">&gt;&gt;</a>&nbsp;&nbsp;&nbsp;__kernel_cos
<LI><a href="#[ab]">&gt;&gt;</a>&nbsp;&nbsp;&nbsp;__hardfp_log
<LI><a href="#[a5]">&gt;&gt;</a>&nbsp;&nbsp;&nbsp;__hardfp_asin
<LI><a href="#[94]">&gt;&gt;</a>&nbsp;&nbsp;&nbsp;main
<LI><a href="#[c3]">&gt;&gt;</a>&nbsp;&nbsp;&nbsp;plant
<LI><a href="#[c1]">&gt;&gt;</a>&nbsp;&nbsp;&nbsp;mass_moment_of_inertia
<LI><a href="#[c0]">&gt;&gt;</a>&nbsp;&nbsp;&nbsp;pid_controller
<LI><a href="#[a7]">&gt;&gt;</a>&nbsp;&nbsp;&nbsp;difference
<LI><a href="#[be]">&gt;&gt;</a>&nbsp;&nbsp;&nbsp;trajectory_generator
<LI><a href="#[c8]">&gt;&gt;</a>&nbsp;&nbsp;&nbsp;velocity_equation
<LI><a href="#[a9]">&gt;&gt;</a>&nbsp;&nbsp;&nbsp;initialize_parameters
</UL>

<P><STRONG><a name="[e7]"></a>_dsub</STRONG> (Thumb, 472 bytes, Stack size 32 bytes, daddsub_clz.o(x$fpl$dsub), UNUSED)
<BR><BR>[Calls]<UL><LI><a href="#[dd]">&gt;&gt;</a>&nbsp;&nbsp;&nbsp;__fpl_dnaninf
<LI><a href="#[e6]">&gt;&gt;</a>&nbsp;&nbsp;&nbsp;_dadd1
</UL>

<P><STRONG><a name="[121]"></a>__aeabi_dcmpeq</STRONG> (Thumb, 0 bytes, Stack size 8 bytes, dcmp.o(x$fpl$fcmp), UNUSED)

<P><STRONG><a name="[e8]"></a>_deq</STRONG> (Thumb, 14 bytes, Stack size 8 bytes, dcmp.o(x$fpl$fcmp), UNUSED)
<BR><BR>[Calls]<UL><LI><a href="#[df]">&gt;&gt;</a>&nbsp;&nbsp;&nbsp;_dcmpeq
</UL>

<P><STRONG><a name="[e9]"></a>_dneq</STRONG> (Thumb, 14 bytes, Stack size 8 bytes, dcmp.o(x$fpl$fcmp), UNUSED)
<BR><BR>[Calls]<UL><LI><a href="#[df]">&gt;&gt;</a>&nbsp;&nbsp;&nbsp;_dcmpeq
</UL>

<P><STRONG><a name="[122]"></a>__aeabi_dcmpgt</STRONG> (Thumb, 0 bytes, Stack size 8 bytes, dcmp.o(x$fpl$fcmp), UNUSED)

<P><STRONG><a name="[ea]"></a>_dgr</STRONG> (Thumb, 14 bytes, Stack size 8 bytes, dcmp.o(x$fpl$fcmp), UNUSED)
<BR><BR>[Calls]<UL><LI><a href="#[e2]">&gt;&gt;</a>&nbsp;&nbsp;&nbsp;_dcmpge
</UL>

<P><STRONG><a name="[a4]"></a>__aeabi_dcmpge</STRONG> (Thumb, 0 bytes, Stack size 8 bytes, dcmp.o(x$fpl$fcmp))
<BR><BR>[Stack]<UL><LI>Max Depth = 8<LI>Call Chain = __aeabi_dcmpge
</UL>
<BR>[Called By]<UL><LI><a href="#[c2]">&gt;&gt;</a>&nbsp;&nbsp;&nbsp;saturation
<LI><a href="#[a2]">&gt;&gt;</a>&nbsp;&nbsp;&nbsp;cal_gimbal_angle
</UL>

<P><STRONG><a name="[eb]"></a>_dgeq</STRONG> (Thumb, 14 bytes, Stack size 8 bytes, dcmp.o(x$fpl$fcmp), UNUSED)
<BR><BR>[Calls]<UL><LI><a href="#[e2]">&gt;&gt;</a>&nbsp;&nbsp;&nbsp;_dcmpge
</UL>

<P><STRONG><a name="[a3]"></a>__aeabi_dcmple</STRONG> (Thumb, 0 bytes, Stack size 8 bytes, dcmp.o(x$fpl$fcmp))
<BR><BR>[Stack]<UL><LI>Max Depth = 8<LI>Call Chain = __aeabi_dcmple
</UL>
<BR>[Called By]<UL><LI><a href="#[c2]">&gt;&gt;</a>&nbsp;&nbsp;&nbsp;saturation
<LI><a href="#[a2]">&gt;&gt;</a>&nbsp;&nbsp;&nbsp;cal_gimbal_angle
</UL>

<P><STRONG><a name="[ec]"></a>_dleq</STRONG> (Thumb, 14 bytes, Stack size 8 bytes, dcmp.o(x$fpl$fcmp), UNUSED)
<BR><BR>[Calls]<UL><LI><a href="#[e3]">&gt;&gt;</a>&nbsp;&nbsp;&nbsp;_dcmple
</UL>

<P><STRONG><a name="[bb]"></a>__aeabi_dcmplt</STRONG> (Thumb, 0 bytes, Stack size 8 bytes, dcmp.o(x$fpl$fcmp))
<BR><BR>[Stack]<UL><LI>Max Depth = 8<LI>Call Chain = __aeabi_dcmplt
</UL>
<BR>[Called By]<UL><LI><a href="#[94]">&gt;&gt;</a>&nbsp;&nbsp;&nbsp;main
</UL>

<P><STRONG><a name="[ed]"></a>_dls</STRONG> (Thumb, 14 bytes, Stack size 8 bytes, dcmp.o(x$fpl$fcmp), UNUSED)
<BR><BR>[Calls]<UL><LI><a href="#[e3]">&gt;&gt;</a>&nbsp;&nbsp;&nbsp;_dcmple
</UL>

<P><STRONG><a name="[8e]"></a>_fp_init</STRONG> (Thumb, 26 bytes, Stack size 0 bytes, fpinit.o(x$fpl$fpinit))
<BR><BR>[Called By]<UL><LI><a href="#[8d]">&gt;&gt;</a>&nbsp;&nbsp;&nbsp;__rt_lib_init_fp_1
</UL>

<P><STRONG><a name="[123]"></a>__fplib_config_fpu_vfp</STRONG> (Thumb, 0 bytes, Stack size unknown bytes, fpinit.o(x$fpl$fpinit), UNUSED)

<P><STRONG><a name="[124]"></a>__fplib_config_pureend_doubles</STRONG> (Thumb, 0 bytes, Stack size unknown bytes, fpinit.o(x$fpl$fpinit), UNUSED)
<P>
<H3>
Local Symbols
</H3>
<P><STRONG><a name="[e6]"></a>_dadd1</STRONG> (Thumb, 0 bytes, Stack size unknown bytes, daddsub_clz.o(x$fpl$dadd), UNUSED)
<BR><BR>[Called By]<UL><LI><a href="#[e7]">&gt;&gt;</a>&nbsp;&nbsp;&nbsp;_dsub
<LI><a href="#[e5]">&gt;&gt;</a>&nbsp;&nbsp;&nbsp;_drsb
</UL>

<P><STRONG><a name="[db]"></a>_dsub1</STRONG> (Thumb, 0 bytes, Stack size unknown bytes, daddsub_clz.o(x$fpl$dsub), UNUSED)
<BR><BR>[Called By]<UL><LI><a href="#[e5]">&gt;&gt;</a>&nbsp;&nbsp;&nbsp;_drsb
<LI><a href="#[da]">&gt;&gt;</a>&nbsp;&nbsp;&nbsp;_dadd
</UL>
<P>
<H3>
Undefined Global Symbols
</H3><HR></body></html>
